=== SUN397 CG-CBAT v8 (frozen backbone, 16ep, val-split 0.15) ===
Warning: You are sending unauthenticated requests to the HF Hub. Please set a HF_TOKEN to enable higher rate limits and faster downloads.
Using device: mps
Classes: ['abbey', 'airplane cabin', 'airport terminal', 'alley', 'amphitheater', 'amusement arcade', 'amusement park', 'anechoic chamber', 'apartment building outdoor', 'apse indoor', 'aquarium', 'aqueduct', 'arch', 'archive', 'arrival gate outdoor', 'art gallery', 'art school', 'art studio', 'assembly line', 'athletic field outdoor', 'atrium public', 'attic', 'auditorium', 'auto factory', 'badlands', 'badminton court indoor', 'baggage claim', 'bakery shop', 'balcony exterior', 'balcony interior', 'ball pit', 'ballroom', 'bamboo forest', 'banquet hall', 'bar', 'barn', 'barndoor', 'baseball field', 'basement', 'basilica', 'basketball court outdoor', 'bathroom', 'batters box', 'bayou', 'bazaar indoor', 'bazaar outdoor', 'beach', 'beauty salon', 'bedroom', 'berth', 'biology laboratory', 'bistro indoor', 'boardwalk', 'boat deck', 'boathouse', 'bookstore', 'booth indoor', 'botanical garden', 'bow window indoor', 'bow window outdoor', 'bowling alley', 'boxing ring', 'brewery indoor', 'bridge', 'building facade', 'bullring', 'burial chamber', 'bus interior', 'butchers shop', 'butte', 'cabin outdoor', 'cafeteria', 'campsite', 'campus', 'canal natural', 'canal urban', 'candy store', 'canyon', 'car interior backseat', 'car interior frontseat', 'carrousel', 'casino indoor', 'castle', 'catacomb', 'cathedral indoor', 'cathedral outdoor', 'cavern indoor', 'cemetery', 'chalet', 'cheese factory', 'chemistry lab', 'chicken coop indoor', 'chicken coop outdoor', 'childs room', 'church indoor', 'church outdoor', 'classroom', 'clean room', 'cliff', 'cloister indoor', 'closet', 'clothing store', 'coast', 'cockpit', 'coffee shop', 'computer room', 'conference center', 'conference room', 'construction site', 'control room', 'control tower outdoor', 'corn field', 'corral', 'corridor', 'cottage garden', 'courthouse', 'courtroom', 'courtyard', 'covered bridge exterior', 'creek', 'crevasse', 'crosswalk', 'cubicle office', 'dam', 'delicatessen', 'dentists office', 'desert sand', 'desert vegetation', 'diner indoor', 'diner outdoor', 'dinette home', 'dinette vehicle', 'dining car', 'dining room', 'discotheque', 'dock', 'doorway outdoor', 'dorm room', 'driveway', 'driving range outdoor', 'drugstore', 'electrical substation', 'elevator door', 'elevator interior', 'elevator shaft', 'engine room', 'escalator indoor', 'excavation', 'factory indoor', 'fairway', 'fastfood restaurant', 'field cultivated', 'field wild', 'fire escape', 'fire station', 'firing range indoor', 'fishpond', 'florist shop indoor', 'food court', 'forest broadleaf', 'forest needleleaf', 'forest path', 'forest road', 'formal garden', 'fountain', 'galley', 'game room', 'garage indoor', 'garbage dump', 'gas station', 'gazebo exterior', 'general store indoor', 'general store outdoor', 'gift shop', 'golf course', 'greenhouse indoor', 'greenhouse outdoor', 'gymnasium indoor', 'hangar indoor', 'hangar outdoor', 'harbor', 'hayfield', 'heliport', 'herb garden', 'highway', 'hill', 'home office', 'hospital', 'hospital room', 'hot spring', 'hot tub outdoor', 'hotel outdoor', 'hotel room', 'house', 'hunting lodge outdoor', 'ice cream parlor', 'ice floe', 'ice shelf', 'ice skating rink indoor', 'ice skating rink outdoor', 'iceberg', 'igloo', 'industrial area', 'inn outdoor', 'islet', 'jacuzzi indoor', 'jail cell', 'jail indoor', 'jewelry shop', 'kasbah', 'kennel indoor', 'kennel outdoor', 'kindergarden classroom', 'kitchen', 'kitchenette', 'labyrinth outdoor', 'lake natural', 'landfill', 'landing deck', 'laundromat', 'lecture room', 'library indoor', 'library outdoor', 'lido deck outdoor', 'lift bridge', 'lighthouse', 'limousine interior', 'living room', 'lobby', 'lock chamber', 'locker room', 'mansion', 'manufactured home', 'market indoor', 'market outdoor', 'marsh', 'martial arts gym', 'mausoleum', 'medina', 'moat water', 'monastery outdoor', 'mosque indoor', 'mosque outdoor', 'motel', 'mountain', 'mountain snowy', 'movie theater indoor', 'museum indoor', 'music store', 'music studio', 'nuclear power plant outdoor', 'nursery', 'oast house', 'observatory outdoor', 'ocean', 'office', 'office building', 'oil refinery outdoor', 'oilrig', 'operating room', 'orchard', 'outhouse outdoor', 'pagoda', 'palace', 'pantry', 'park', 'parking garage indoor', 'parking garage outdoor', 'parking lot', 'parlor', 'pasture', 'patio', 'pavilion', 'pharmacy', 'phone booth', 'physics laboratory', 'picnic area', 'pilothouse indoor', 'planetarium outdoor', 'playground', 'playroom', 'plaza', 'podium indoor', 'podium outdoor', 'pond', 'poolroom establishment', 'poolroom home', 'power plant outdoor', 'promenade deck', 'pub indoor', 'pulpit', 'putting green', 'racecourse', 'raceway', 'raft', 'railroad track', 'rainforest', 'reception', 'recreation room', 'residential neighborhood', 'restaurant', 'restaurant kitchen', 'restaurant patio', 'rice paddy', 'riding arena', 'river', 'rock arch', 'rope bridge', 'ruin', 'runway', 'sandbar', 'sandbox', 'sauna', 'schoolhouse', 'sea cliff', 'server room', 'shed', 'shoe shop', 'shopfront', 'shopping mall indoor', 'shower', 'skatepark', 'ski lodge', 'ski resort', 'ski slope', 'sky', 'skyscraper', 'slum', 'snowfield', 'squash court', 'stable', 'stadium baseball', 'stadium football', 'stage indoor', 'staircase', 'street', 'subway interior', 'subway station platform', 'supermarket', 'sushi bar', 'swamp', 'swimming pool indoor', 'swimming pool outdoor', 'synagogue indoor', 'synagogue outdoor', 'television studio', 'temple east asia', 'temple south asia', 'tennis court indoor', 'tennis court outdoor', 'tent outdoor', 'theater indoor procenium', 'theater indoor seats', 'thriftshop', 'throne room', 'ticket booth', 'toll plaza', 'topiary garden', 'tower', 'toyshop', 'track outdoor', 'train railway', 'train station platform', 'tree farm', 'tree house', 'trench', 'underwater coral reef', 'utility room', 'valley', 'van interior', 'vegetable garden', 'veranda', 'veterinarians office', 'viaduct', 'videostore', 'village', 'vineyard', 'volcano', 'volleyball court indoor', 'volleyball court outdoor', 'waiting room', 'warehouse indoor', 'water tower', 'waterfall block', 'waterfall fan', 'waterfall plunge', 'watering hole', 'wave', 'wet bar', 'wheat field', 'wind farm', 'windmill', 'wine cellar barrel storage', 'wine cellar bottle storage', 'wrestling ring indoor', 'yard', 'youth hostel']
Train size: 10123, Val size: 1787 (stratified 15% of train, seed=42), Test size: 3970 (untouched, final-eval only)
[load_backbone_checkpoint] loaded 318/318 backbone tensors from '../../results/resnet50_8ep_sun397_checkpoint.pt' (dropped 2 non-backbone keys: ['fc.weight', 'fc.bias'])
Round 6 frozen-backbone mode: loaded 318 backbone tensors from ../../results/resnet50_8ep_sun397_checkpoint.pt, dropped 2 non-backbone keys, backbone frozen for all 16 epochs.
Round 6 frozen-backbone optimizer: new/head modules lr=0.00030000000000000003 (wd=0.05), backbone excluded from optimizer updates (frozen).
Epoch 1: backbone permanently frozen (Round 6 mode, no warm-up schedule)
  batch 20/317 - loss: 5.8490 - elapsed: 17.5s
  batch 40/317 - loss: 5.4550 - elapsed: 27.5s
  batch 60/317 - loss: 4.5341 - elapsed: 37.5s
  batch 80/317 - loss: 2.6247 - elapsed: 47.5s
  batch 100/317 - loss: 2.0981 - elapsed: 57.6s
  batch 120/317 - loss: 1.6110 - elapsed: 67.8s
  batch 140/317 - loss: 1.6256 - elapsed: 77.9s
  batch 160/317 - loss: 1.7394 - elapsed: 87.9s
  batch 180/317 - loss: 1.4639 - elapsed: 97.9s
  batch 200/317 - loss: 0.8519 - elapsed: 108.0s
  batch 220/317 - loss: 1.3755 - elapsed: 118.0s
  batch 240/317 - loss: 1.0585 - elapsed: 128.1s
  batch 260/317 - loss: 1.1436 - elapsed: 138.3s
  batch 280/317 - loss: 1.4979 - elapsed: 148.4s
  batch 300/317 - loss: 0.8937 - elapsed: 158.6s
  batch 317/317 - loss: 0.9740 - elapsed: 167.3s
Epoch 1/16 - loss: 2.3092 - time: 187.3s
Saved checkpoint to ../../results/cgcbat_v8_val_sun397_checkpoint.pt (epoch 1)
Epoch 1 VAL eval: accuracy=0.7482 precision_macro=0.7819 recall_macro=0.7491 f1_macro=0.7316
  -> new best validation epoch (1, accuracy=0.7482); checkpointed in memory.
  batch 20/317 - loss: 0.8220 - elapsed: 17.8s
  batch 40/317 - loss: 0.4881 - elapsed: 27.9s
  batch 60/317 - loss: 0.5981 - elapsed: 38.1s
  batch 80/317 - loss: 0.6866 - elapsed: 48.1s
  batch 100/317 - loss: 0.3928 - elapsed: 58.1s
  batch 120/317 - loss: 0.7168 - elapsed: 68.2s
  batch 140/317 - loss: 0.3855 - elapsed: 78.4s
  batch 160/317 - loss: 0.6355 - elapsed: 88.6s
  batch 180/317 - loss: 0.6381 - elapsed: 99.2s
  batch 200/317 - loss: 0.4940 - elapsed: 109.3s
  batch 220/317 - loss: 0.5734 - elapsed: 119.4s
  batch 240/317 - loss: 0.5486 - elapsed: 129.7s
  batch 260/317 - loss: 0.4026 - elapsed: 140.2s
  batch 280/317 - loss: 0.5093 - elapsed: 150.3s
  batch 300/317 - loss: 0.6086 - elapsed: 160.6s
  batch 317/317 - loss: 0.6856 - elapsed: 168.9s
Epoch 2/16 - loss: 0.5710 - time: 189.0s
Saved checkpoint to ../../results/cgcbat_v8_val_sun397_checkpoint.pt (epoch 2)
Epoch 2 VAL eval: accuracy=0.7890 precision_macro=0.8225 recall_macro=0.7883 f1_macro=0.7779
  -> new best validation epoch (2, accuracy=0.7890); checkpointed in memory.
  batch 20/317 - loss: 0.2277 - elapsed: 18.3s
  batch 40/317 - loss: 0.3678 - elapsed: 28.6s
  batch 60/317 - loss: 0.4907 - elapsed: 38.8s
  batch 80/317 - loss: 0.4776 - elapsed: 49.0s
  batch 100/317 - loss: 0.3905 - elapsed: 59.1s
  batch 120/317 - loss: 0.3744 - elapsed: 69.2s
  batch 140/317 - loss: 0.4928 - elapsed: 79.2s
  batch 160/317 - loss: 0.3736 - elapsed: 89.1s
  batch 180/317 - loss: 0.3967 - elapsed: 99.1s
  batch 200/317 - loss: 0.5014 - elapsed: 109.4s
  batch 220/317 - loss: 0.2487 - elapsed: 119.9s
  batch 240/317 - loss: 0.3539 - elapsed: 130.1s
  batch 260/317 - loss: 0.5142 - elapsed: 140.2s
  batch 280/317 - loss: 0.3454 - elapsed: 150.4s
  batch 300/317 - loss: 0.4205 - elapsed: 160.5s
  batch 317/317 - loss: 0.4384 - elapsed: 169.0s
Epoch 3/16 - loss: 0.3488 - time: 189.0s
Saved checkpoint to ../../results/cgcbat_v8_val_sun397_checkpoint.pt (epoch 3)
Epoch 3 VAL eval: accuracy=0.7957 precision_macro=0.8292 recall_macro=0.7951 f1_macro=0.7880
  -> new best validation epoch (3, accuracy=0.7957); checkpointed in memory.
  batch 20/317 - loss: 0.1284 - elapsed: 17.9s
  batch 40/317 - loss: 0.1495 - elapsed: 28.0s
  batch 60/317 - loss: 0.1909 - elapsed: 38.0s
  batch 80/317 - loss: 0.1607 - elapsed: 48.0s
  batch 100/317 - loss: 0.2622 - elapsed: 58.0s
  batch 120/317 - loss: 0.2888 - elapsed: 68.2s
  batch 140/317 - loss: 0.1029 - elapsed: 78.4s
  batch 160/317 - loss: 0.1911 - elapsed: 88.5s
  batch 180/317 - loss: 0.3784 - elapsed: 98.9s
  batch 200/317 - loss: 0.2164 - elapsed: 109.2s
  batch 220/317 - loss: 0.2138 - elapsed: 119.6s
  batch 240/317 - loss: 0.2303 - elapsed: 130.2s
  batch 260/317 - loss: 0.2914 - elapsed: 140.4s
  batch 280/317 - loss: 0.5642 - elapsed: 150.6s
  batch 300/317 - loss: 0.1541 - elapsed: 160.8s
  batch 317/317 - loss: 0.1991 - elapsed: 168.9s
Epoch 4/16 - loss: 0.2159 - time: 189.0s
Saved checkpoint to ../../results/cgcbat_v8_val_sun397_checkpoint.pt (epoch 4)
Epoch 4 VAL eval: accuracy=0.7991 precision_macro=0.8270 recall_macro=0.7981 f1_macro=0.7919
  -> new best validation epoch (4, accuracy=0.7991); checkpointed in memory.
  batch 20/317 - loss: 0.0943 - elapsed: 18.7s
  batch 40/317 - loss: 0.2966 - elapsed: 28.7s
  batch 60/317 - loss: 0.2503 - elapsed: 39.4s
  batch 80/317 - loss: 0.1065 - elapsed: 49.4s
  batch 100/317 - loss: 0.1422 - elapsed: 59.5s
  batch 120/317 - loss: 0.1141 - elapsed: 69.7s
  batch 140/317 - loss: 0.1905 - elapsed: 79.8s
  batch 160/317 - loss: 0.0821 - elapsed: 90.2s
  batch 180/317 - loss: 0.1258 - elapsed: 100.7s
  batch 200/317 - loss: 0.1277 - elapsed: 110.9s
  batch 220/317 - loss: 0.1461 - elapsed: 121.0s
  batch 240/317 - loss: 0.0635 - elapsed: 131.9s
  batch 260/317 - loss: 0.1316 - elapsed: 142.2s
  batch 280/317 - loss: 0.0785 - elapsed: 152.6s
  batch 300/317 - loss: 0.1755 - elapsed: 162.7s
  batch 317/317 - loss: 0.2104 - elapsed: 171.1s
Epoch 5/16 - loss: 0.1324 - time: 191.1s
Saved checkpoint to ../../results/cgcbat_v8_val_sun397_checkpoint.pt (epoch 5)
Epoch 5 VAL eval: accuracy=0.7941 precision_macro=0.8216 recall_macro=0.7942 f1_macro=0.7853
  batch 20/317 - loss: 0.1443 - elapsed: 17.2s
  batch 40/317 - loss: 0.0611 - elapsed: 27.1s
  batch 60/317 - loss: 0.0503 - elapsed: 37.3s
  batch 80/317 - loss: 0.1634 - elapsed: 47.3s
  batch 100/317 - loss: 0.0621 - elapsed: 57.4s
  batch 120/317 - loss: 0.1279 - elapsed: 67.5s
  batch 140/317 - loss: 0.0429 - elapsed: 77.4s
  batch 160/317 - loss: 0.0573 - elapsed: 87.4s
  batch 180/317 - loss: 0.0695 - elapsed: 97.4s
  batch 200/317 - loss: 0.0719 - elapsed: 107.7s
  batch 220/317 - loss: 0.0469 - elapsed: 117.7s
  batch 240/317 - loss: 0.0754 - elapsed: 127.6s
  batch 260/317 - loss: 0.0778 - elapsed: 137.7s
  batch 280/317 - loss: 0.1834 - elapsed: 147.7s
  batch 300/317 - loss: 0.0302 - elapsed: 157.7s
  batch 317/317 - loss: 0.0576 - elapsed: 165.7s
Epoch 6/16 - loss: 0.0798 - time: 185.8s
Saved checkpoint to ../../results/cgcbat_v8_val_sun397_checkpoint.pt (epoch 6)
Epoch 6 VAL eval: accuracy=0.7952 precision_macro=0.8237 recall_macro=0.7943 f1_macro=0.7891
  batch 20/317 - loss: 0.0277 - elapsed: 17.3s
  batch 40/317 - loss: 0.0297 - elapsed: 27.2s
  batch 60/317 - loss: 0.0498 - elapsed: 37.1s
  batch 80/317 - loss: 0.0303 - elapsed: 47.1s
  batch 100/317 - loss: 0.0503 - elapsed: 57.1s
  batch 120/317 - loss: 0.1036 - elapsed: 67.0s
  batch 140/317 - loss: 0.0681 - elapsed: 77.1s
  batch 160/317 - loss: 0.0268 - elapsed: 87.1s
  batch 180/317 - loss: 0.0543 - elapsed: 97.1s
  batch 200/317 - loss: 0.0628 - elapsed: 107.1s
  batch 220/317 - loss: 0.0200 - elapsed: 117.1s
  batch 240/317 - loss: 0.0578 - elapsed: 127.2s
  batch 260/317 - loss: 0.0349 - elapsed: 137.2s
  batch 280/317 - loss: 0.0533 - elapsed: 147.2s
  batch 300/317 - loss: 0.0267 - elapsed: 157.3s
  batch 317/317 - loss: 0.0336 - elapsed: 165.6s
Epoch 7/16 - loss: 0.0534 - time: 185.7s
Saved checkpoint to ../../results/cgcbat_v8_val_sun397_checkpoint.pt (epoch 7)
Epoch 7 VAL eval: accuracy=0.7902 precision_macro=0.8306 recall_macro=0.7890 f1_macro=0.7857
  batch 20/317 - loss: 0.0259 - elapsed: 17.8s
  batch 40/317 - loss: 0.0224 - elapsed: 27.8s
  batch 60/317 - loss: 0.0097 - elapsed: 37.6s
  batch 80/317 - loss: 0.0223 - elapsed: 47.5s
  batch 100/317 - loss: 0.0341 - elapsed: 57.4s
  batch 120/317 - loss: 0.0246 - elapsed: 67.5s
  batch 140/317 - loss: 0.0319 - elapsed: 77.5s
  batch 160/317 - loss: 0.0508 - elapsed: 87.5s
  batch 180/317 - loss: 0.0438 - elapsed: 97.5s
  batch 200/317 - loss: 0.0592 - elapsed: 107.5s
  batch 220/317 - loss: 0.0407 - elapsed: 117.5s
  batch 240/317 - loss: 0.0497 - elapsed: 127.4s
  batch 260/317 - loss: 0.0255 - elapsed: 137.4s
  batch 280/317 - loss: 0.1358 - elapsed: 147.3s
  batch 300/317 - loss: 0.0734 - elapsed: 157.2s
  batch 317/317 - loss: 0.0866 - elapsed: 165.3s
Epoch 8/16 - loss: 0.0386 - time: 185.3s
Saved checkpoint to ../../results/cgcbat_v8_val_sun397_checkpoint.pt (epoch 8)
Epoch 8 VAL eval: accuracy=0.7784 precision_macro=0.8059 recall_macro=0.7783 f1_macro=0.7699
  batch 20/317 - loss: 0.0354 - elapsed: 17.4s
  batch 40/317 - loss: 0.0442 - elapsed: 27.5s
  batch 60/317 - loss: 0.1190 - elapsed: 37.6s
  batch 80/317 - loss: 0.0532 - elapsed: 47.7s
  batch 100/317 - loss: 0.0172 - elapsed: 57.7s
  batch 120/317 - loss: 0.0184 - elapsed: 67.6s
  batch 140/317 - loss: 0.0169 - elapsed: 77.6s
  batch 160/317 - loss: 0.0285 - elapsed: 87.6s
  batch 180/317 - loss: 0.0517 - elapsed: 97.6s
  batch 200/317 - loss: 0.0243 - elapsed: 107.6s
  batch 220/317 - loss: 0.0961 - elapsed: 117.7s
  batch 240/317 - loss: 0.0152 - elapsed: 127.7s
  batch 260/317 - loss: 0.0618 - elapsed: 137.7s
  batch 280/317 - loss: 0.0414 - elapsed: 147.7s
  batch 300/317 - loss: 0.0275 - elapsed: 157.7s
  batch 317/317 - loss: 0.0557 - elapsed: 165.9s
Epoch 9/16 - loss: 0.0314 - time: 185.9s
Saved checkpoint to ../../results/cgcbat_v8_val_sun397_checkpoint.pt (epoch 9)
Epoch 9 VAL eval: accuracy=0.7980 precision_macro=0.8214 recall_macro=0.7969 f1_macro=0.7907
  batch 20/317 - loss: 0.0144 - elapsed: 17.7s
  batch 40/317 - loss: 0.0128 - elapsed: 27.9s
  batch 60/317 - loss: 0.0093 - elapsed: 38.6s
  batch 80/317 - loss: 0.0128 - elapsed: 49.3s
  batch 100/317 - loss: 0.1079 - elapsed: 59.7s
  batch 120/317 - loss: 0.0258 - elapsed: 70.0s
  batch 140/317 - loss: 0.0221 - elapsed: 80.1s
  batch 160/317 - loss: 0.0382 - elapsed: 90.2s
  batch 180/317 - loss: 0.0195 - elapsed: 100.1s
  batch 200/317 - loss: 0.0093 - elapsed: 110.0s
  batch 220/317 - loss: 0.0140 - elapsed: 120.1s
  batch 240/317 - loss: 0.1254 - elapsed: 130.0s
  batch 260/317 - loss: 0.0223 - elapsed: 140.0s
  batch 280/317 - loss: 0.0098 - elapsed: 150.0s
  batch 300/317 - loss: 0.0164 - elapsed: 159.9s
  batch 317/317 - loss: 0.0077 - elapsed: 168.1s
Epoch 10/16 - loss: 0.0251 - time: 188.1s
Saved checkpoint to ../../results/cgcbat_v8_val_sun397_checkpoint.pt (epoch 10)
Epoch 10 VAL eval: accuracy=0.7913 precision_macro=0.8149 recall_macro=0.7888 f1_macro=0.7821
  batch 20/317 - loss: 0.0145 - elapsed: 17.9s
  batch 40/317 - loss: 0.0097 - elapsed: 28.1s
  batch 60/317 - loss: 0.0297 - elapsed: 38.1s
  batch 80/317 - loss: 0.0087 - elapsed: 48.1s
  batch 100/317 - loss: 0.0062 - elapsed: 58.0s
  batch 120/317 - loss: 0.0129 - elapsed: 68.0s
  batch 140/317 - loss: 0.0105 - elapsed: 77.9s
  batch 160/317 - loss: 0.0108 - elapsed: 87.9s
  batch 180/317 - loss: 0.0237 - elapsed: 97.9s
  batch 200/317 - loss: 0.0141 - elapsed: 107.9s
  batch 220/317 - loss: 0.0122 - elapsed: 117.9s
  batch 240/317 - loss: 0.0158 - elapsed: 128.3s
  batch 260/317 - loss: 0.0113 - elapsed: 138.5s
  batch 280/317 - loss: 0.0137 - elapsed: 148.8s
  batch 300/317 - loss: 0.0077 - elapsed: 159.1s
  batch 317/317 - loss: 0.0339 - elapsed: 167.4s
Epoch 11/16 - loss: 0.0190 - time: 187.4s
Saved checkpoint to ../../results/cgcbat_v8_val_sun397_checkpoint.pt (epoch 11)
Epoch 11 VAL eval: accuracy=0.7918 precision_macro=0.8174 recall_macro=0.7902 f1_macro=0.7867
  batch 20/317 - loss: 0.0192 - elapsed: 18.0s
  batch 40/317 - loss: 0.0287 - elapsed: 28.3s
  batch 60/317 - loss: 0.0201 - elapsed: 38.5s
  batch 80/317 - loss: 0.0099 - elapsed: 48.5s
  batch 100/317 - loss: 0.2277 - elapsed: 58.7s
  batch 120/317 - loss: 0.0097 - elapsed: 68.9s
  batch 140/317 - loss: 0.0075 - elapsed: 78.9s
  batch 160/317 - loss: 0.0046 - elapsed: 88.9s
  batch 180/317 - loss: 0.1864 - elapsed: 98.9s
  batch 200/317 - loss: 0.0093 - elapsed: 108.9s
  batch 220/317 - loss: 0.0162 - elapsed: 118.9s
  batch 240/317 - loss: 0.0171 - elapsed: 128.9s
  batch 260/317 - loss: 0.0065 - elapsed: 138.9s
  batch 280/317 - loss: 0.0112 - elapsed: 149.0s
  batch 300/317 - loss: 0.0202 - elapsed: 159.2s
  batch 317/317 - loss: 0.0221 - elapsed: 167.4s
Epoch 12/16 - loss: 0.0243 - time: 187.4s
Saved checkpoint to ../../results/cgcbat_v8_val_sun397_checkpoint.pt (epoch 12)
Epoch 12 VAL eval: accuracy=0.7812 precision_macro=0.8149 recall_macro=0.7812 f1_macro=0.7780
  batch 20/317 - loss: 0.0149 - elapsed: 18.3s
  batch 40/317 - loss: 0.0178 - elapsed: 28.5s
  batch 60/317 - loss: 0.0102 - elapsed: 38.9s
  batch 80/317 - loss: 0.0194 - elapsed: 49.1s
  batch 100/317 - loss: 0.0080 - elapsed: 59.6s
  batch 120/317 - loss: 0.0069 - elapsed: 69.8s
  batch 140/317 - loss: 0.0074 - elapsed: 80.1s
  batch 160/317 - loss: 0.0083 - elapsed: 90.3s
  batch 180/317 - loss: 0.0067 - elapsed: 100.6s
  batch 200/317 - loss: 0.0335 - elapsed: 110.8s
  batch 220/317 - loss: 0.0117 - elapsed: 121.1s
  batch 240/317 - loss: 0.0110 - elapsed: 131.3s
  batch 260/317 - loss: 0.1629 - elapsed: 141.4s
  batch 280/317 - loss: 0.0150 - elapsed: 151.8s
  batch 300/317 - loss: 0.0317 - elapsed: 161.7s
  batch 317/317 - loss: 0.0101 - elapsed: 169.9s
Epoch 13/16 - loss: 0.0226 - time: 189.9s
Saved checkpoint to ../../results/cgcbat_v8_val_sun397_checkpoint.pt (epoch 13)
Epoch 13 VAL eval: accuracy=0.7818 precision_macro=0.8098 recall_macro=0.7806 f1_macro=0.7731
  batch 20/317 - loss: 0.0137 - elapsed: 18.7s
  batch 40/317 - loss: 0.0284 - elapsed: 29.5s
  batch 60/317 - loss: 0.0150 - elapsed: 39.8s
  batch 80/317 - loss: 0.0402 - elapsed: 50.0s
  batch 100/317 - loss: 0.0138 - elapsed: 60.5s
  batch 120/317 - loss: 0.0216 - elapsed: 71.0s
  batch 140/317 - loss: 0.0233 - elapsed: 81.6s
  batch 160/317 - loss: 0.0175 - elapsed: 92.5s
  batch 180/317 - loss: 0.0059 - elapsed: 103.2s
  batch 200/317 - loss: 0.0093 - elapsed: 113.2s
  batch 220/317 - loss: 0.0278 - elapsed: 123.1s
  batch 240/317 - loss: 0.0257 - elapsed: 133.1s
  batch 260/317 - loss: 0.0525 - elapsed: 143.0s
  batch 280/317 - loss: 0.0064 - elapsed: 152.9s
  batch 300/317 - loss: 0.0168 - elapsed: 162.8s
  batch 317/317 - loss: 0.0168 - elapsed: 170.8s
Epoch 14/16 - loss: 0.0192 - time: 190.8s
Saved checkpoint to ../../results/cgcbat_v8_val_sun397_checkpoint.pt (epoch 14)
Epoch 14 VAL eval: accuracy=0.7834 precision_macro=0.8097 recall_macro=0.7836 f1_macro=0.7767
  batch 20/317 - loss: 0.0182 - elapsed: 17.1s
  batch 40/317 - loss: 0.0036 - elapsed: 26.9s
  batch 60/317 - loss: 0.0155 - elapsed: 36.8s
  batch 80/317 - loss: 0.0045 - elapsed: 46.6s
  batch 100/317 - loss: 0.0081 - elapsed: 56.5s
  batch 120/317 - loss: 0.0368 - elapsed: 66.3s
  batch 140/317 - loss: 0.0052 - elapsed: 76.3s
  batch 160/317 - loss: 0.0046 - elapsed: 86.1s
  batch 180/317 - loss: 0.0070 - elapsed: 95.9s
  batch 200/317 - loss: 0.0095 - elapsed: 105.7s
  batch 220/317 - loss: 0.0117 - elapsed: 115.5s
  batch 240/317 - loss: 0.0070 - elapsed: 125.3s
  batch 260/317 - loss: 0.0073 - elapsed: 135.1s
  batch 280/317 - loss: 0.0090 - elapsed: 145.1s
  batch 300/317 - loss: 0.0110 - elapsed: 154.9s
  batch 317/317 - loss: 0.0077 - elapsed: 162.9s
Epoch 15/16 - loss: 0.0167 - time: 182.9s
Saved checkpoint to ../../results/cgcbat_v8_val_sun397_checkpoint.pt (epoch 15)
Epoch 15 VAL eval: accuracy=0.7896 precision_macro=0.8120 recall_macro=0.7884 f1_macro=0.7832
  batch 20/317 - loss: 0.0153 - elapsed: 16.9s
  batch 40/317 - loss: 0.0083 - elapsed: 26.7s
  batch 60/317 - loss: 0.0122 - elapsed: 36.7s
  batch 80/317 - loss: 0.0075 - elapsed: 46.5s
  batch 100/317 - loss: 0.0055 - elapsed: 56.4s
  batch 120/317 - loss: 0.0050 - elapsed: 66.2s
  batch 140/317 - loss: 0.0317 - elapsed: 76.0s
  batch 160/317 - loss: 0.0211 - elapsed: 85.8s
  batch 180/317 - loss: 0.0082 - elapsed: 95.7s
  batch 200/317 - loss: 0.0029 - elapsed: 105.5s
  batch 220/317 - loss: 0.0088 - elapsed: 115.3s
  batch 240/317 - loss: 0.0089 - elapsed: 125.1s
  batch 260/317 - loss: 0.0054 - elapsed: 134.9s
  batch 280/317 - loss: 0.0145 - elapsed: 144.7s
  batch 300/317 - loss: 0.0116 - elapsed: 154.6s
  batch 317/317 - loss: 0.0204 - elapsed: 162.6s
Epoch 16/16 - loss: 0.0166 - time: 182.7s
Saved checkpoint to ../../results/cgcbat_v8_val_sun397_checkpoint.pt (epoch 16)
Epoch 16 VAL eval: accuracy=0.7902 precision_macro=0.8146 recall_macro=0.7893 f1_macro=0.7840

Best epoch by VALIDATION accuracy: epoch 4 with val accuracy=0.7991
Reloaded epoch 4's weights (best validation accuracy) and overwrote ../../results/cgcbat_v8_val_sun397_checkpoint.pt to match.

=== Per-class results ===
Class           Precision    Recall        F1
---------------------------------------------
abbey               0.333     0.200     0.250
airplane cabin      0.700     0.700     0.700
airport terminal     0.154     0.200     0.174
alley               0.429     0.300     0.353
amphitheater        0.625     1.000     0.769
amusement arcade     1.000     0.500     0.667
amusement park      0.714     0.500     0.588
anechoic chamber     0.538     0.700     0.609
apartment building outdoor     0.167     0.100     0.125
apse indoor         0.571     0.800     0.667
aquarium            0.778     0.700     0.737
aqueduct            0.545     0.600     0.571
arch                0.389     0.700     0.500
archive             0.714     0.500     0.588
arrival gate outdoor     0.833     0.500     0.625
art gallery         0.600     0.600     0.600
art school          0.333     0.600     0.429
art studio          0.200     0.200     0.200
assembly line       0.222     0.200     0.211
athletic field outdoor     0.250     0.200     0.222
atrium public       0.400     0.600     0.480
attic               0.333     0.200     0.250
auditorium          0.273     0.300     0.286
auto factory        0.750     0.600     0.667
badlands            0.750     0.600     0.667
badminton court indoor     0.833     0.500     0.625
baggage claim       0.583     0.700     0.636
bakery shop         0.556     0.500     0.526
balcony exterior     0.500     0.700     0.583
balcony interior     0.667     0.600     0.632
ball pit            0.833     1.000     0.909
ballroom            0.500     0.200     0.286
bamboo forest       0.889     0.800     0.842
banquet hall        0.438     0.700     0.538
bar                 0.429     0.300     0.353
barn                0.643     0.900     0.750
barndoor            1.000     0.500     0.667
baseball field      0.467     0.700     0.560
basement            0.417     0.500     0.455
basilica            0.400     0.200     0.267
basketball court outdoor     0.462     0.600     0.522
bathroom            0.700     0.700     0.700
batters box         1.000     1.000     1.000
bayou               0.727     0.800     0.762
bazaar indoor       0.500     0.700     0.583
bazaar outdoor      0.467     0.700     0.560
beach               0.889     0.800     0.842
beauty salon        0.562     0.900     0.692
bedroom             0.444     0.400     0.421
berth               0.346     0.900     0.500
biology laboratory     0.333     0.500     0.400
bistro indoor       0.500     0.300     0.375
boardwalk           0.833     0.500     0.625
boat deck           0.444     0.400     0.421
boathouse           0.778     0.700     0.737
bookstore           0.700     0.700     0.700
booth indoor        1.000     0.600     0.750
botanical garden     0.250     0.200     0.222
bow window indoor     0.889     0.800     0.842
bow window outdoor     0.667     0.800     0.727
bowling alley       0.778     0.700     0.737
boxing ring         0.526     1.000     0.690
brewery indoor      0.750     0.900     0.818
bridge              0.625     0.500     0.556
building facade     0.000     0.000     0.000
bullring            1.000     0.800     0.889
burial chamber      0.400     0.400     0.400
bus interior        0.667     0.600     0.632
butchers shop       0.875     0.700     0.778
butte               0.500     0.500     0.500
cabin outdoor       0.545     0.600     0.571
cafeteria           0.556     0.500     0.526
campsite            0.750     0.600     0.667
campus              0.833     0.500     0.625
canal natural       1.000     0.200     0.333
canal urban         0.500     0.200     0.286
candy store         0.667     0.400     0.500
canyon              0.600     0.600     0.600
car interior backseat     0.875     0.700     0.778
car interior frontseat     0.643     0.900     0.750
carrousel           1.000     0.800     0.889
casino indoor       0.615     0.800     0.696
castle              0.455     0.500     0.476
catacomb            0.875     0.700     0.778
cathedral indoor     0.625     0.500     0.556
cathedral outdoor     0.292     0.700     0.412
cavern indoor       0.700     0.700     0.700
cemetery            0.429     0.300     0.353
chalet              0.500     0.100     0.167
cheese factory      0.857     0.600     0.706
chemistry lab       0.667     0.400     0.500
chicken coop indoor     0.800     0.800     0.800
chicken coop outdoor     0.833     0.500     0.625
childs room         0.111     0.100     0.105
church indoor       0.333     0.200     0.250
church outdoor      0.375     0.300     0.333
classroom           0.500     0.600     0.545
clean room          0.333     0.300     0.316
cliff               0.455     0.500     0.476
cloister indoor     0.778     0.700     0.737
closet              0.833     0.500     0.625
clothing store      0.385     0.500     0.435
coast               0.625     0.500     0.556
cockpit             0.800     0.800     0.800
coffee shop         0.111     0.100     0.105
computer room       0.818     0.900     0.857
conference center     0.200     0.200     0.200
conference room     0.700     0.700     0.700
construction site     0.231     0.300     0.261
control room        0.467     0.700     0.560
control tower outdoor     1.000     0.600     0.750
corn field          0.545     0.600     0.571
corral              0.385     0.500     0.435
corridor            0.778     0.700     0.737
cottage garden      0.571     0.400     0.471
courthouse          0.545     0.600     0.571
courtroom           0.625     0.500     0.556
courtyard           0.429     0.300     0.353
covered bridge exterior     0.800     0.800     0.800
creek               0.263     0.500     0.345
crevasse            0.625     1.000     0.769
crosswalk           0.357     0.500     0.417
cubicle office      0.700     0.700     0.700
dam                 0.727     0.800     0.762
delicatessen        0.500     0.200     0.286
dentists office     0.778     0.700     0.737
desert sand         0.700     0.700     0.700
desert vegetation     0.778     0.700     0.737
diner indoor        0.500     0.600     0.545
diner outdoor       0.500     0.300     0.375
dinette home        0.412     0.700     0.519
dinette vehicle     0.538     0.700     0.609
dining car          0.667     0.600     0.632
dining room         0.375     0.300     0.333
discotheque         0.818     0.900     0.857
dock                0.778     0.700     0.737
doorway outdoor     0.857     0.600     0.706
dorm room           0.263     0.500     0.345
driveway            0.625     1.000     0.769
driving range outdoor     0.222     0.200     0.211
drugstore           0.500     0.200     0.286
electrical substation     1.000     0.900     0.947
elevator door       0.750     0.600     0.667
elevator interior     0.750     0.600     0.667
elevator shaft      0.500     0.600     0.545
engine room         0.692     0.900     0.783
escalator indoor     0.583     0.700     0.636
excavation          0.545     0.600     0.571
factory indoor      0.500     0.600     0.545
fairway             1.000     0.500     0.667
fastfood restaurant     0.300     0.300     0.300
field cultivated     0.750     0.600     0.667
field wild          0.389     0.700     0.500
fire escape         0.600     0.600     0.600
fire station        0.778     0.700     0.737
firing range indoor     0.500     0.400     0.444
fishpond            0.667     0.600     0.632
florist shop indoor     0.889     0.800     0.842
food court          0.455     0.500     0.476
forest broadleaf     1.000     0.300     0.462
forest needleleaf     0.750     0.600     0.667
forest path         0.400     0.400     0.400
forest road         0.750     0.600     0.667
formal garden       0.600     0.600     0.600
fountain            0.375     0.600     0.462
galley              0.455     0.500     0.476
game room           0.600     0.300     0.400
garage indoor       0.500     0.400     0.444
garbage dump        0.364     0.400     0.381
gas station         0.600     0.600     0.600
gazebo exterior     0.750     0.600     0.667
general store indoor     0.250     0.400     0.308
general store outdoor     0.364     0.400     0.381
gift shop           0.417     0.500     0.455
golf course         0.500     0.400     0.444
greenhouse indoor     0.778     0.700     0.737
greenhouse outdoor     0.667     0.800     0.727
gymnasium indoor     1.000     0.700     0.824
hangar indoor       0.667     0.600     0.632
hangar outdoor      0.500     0.500     0.500
harbor              0.750     0.900     0.818
hayfield            0.833     0.500     0.625
heliport            0.750     0.600     0.667
herb garden         0.286     0.400     0.333
highway             0.364     0.400     0.381
hill                0.750     0.300     0.429
home office         0.800     0.800     0.800
hospital            0.280     0.700     0.400
hospital room       0.429     0.300     0.353
hot spring          1.000     0.500     0.667
hot tub outdoor     0.818     0.900     0.857
hotel outdoor       0.429     0.300     0.353
hotel room          0.667     0.200     0.308
house               0.412     0.700     0.519
hunting lodge outdoor     0.800     0.400     0.533
ice cream parlor     0.444     0.400     0.421
ice floe            0.600     0.600     0.600
ice shelf           0.333     0.200     0.250
ice skating rink indoor     1.000     0.900     0.947
ice skating rink outdoor     0.667     0.400     0.500
iceberg             0.727     0.800     0.762
igloo               0.818     0.900     0.857
industrial area     0.267     0.800     0.400
inn outdoor         0.182     0.200     0.190
islet               0.364     0.800     0.500
jacuzzi indoor      0.727     0.800     0.762
jail cell           0.875     0.700     0.778
jail indoor         0.857     0.600     0.706
jewelry shop        0.333     0.100     0.154
kasbah              1.000     0.700     0.824
kennel indoor       0.417     0.500     0.455
kennel outdoor      0.333     0.100     0.154
kindergarden classroom     0.667     0.400     0.500
kitchen             0.333     0.200     0.250
kitchenette         0.250     0.400     0.308
labyrinth outdoor     0.889     0.800     0.842
lake natural        0.250     0.300     0.273
landfill            0.538     0.700     0.609
landing deck        0.800     0.800     0.800
laundromat          1.000     0.700     0.824
lecture room        0.214     0.300     0.250
library indoor      0.600     0.600     0.600
library outdoor     0.500     0.400     0.444
lido deck outdoor     0.818     0.900     0.857
lift bridge         0.800     0.800     0.800
lighthouse          1.000     1.000     1.000
limousine interior     0.750     0.600     0.667
living room         0.667     0.600     0.632
lobby               0.000     0.000     0.000
lock chamber        0.700     0.700     0.700
locker room         0.333     0.600     0.429
mansion             0.154     0.200     0.174
manufactured home     1.000     0.800     0.889
market indoor       0.250     0.300     0.273
market outdoor      0.364     0.400     0.381
marsh               0.400     0.400     0.400
martial arts gym     0.545     0.600     0.571
mausoleum           0.800     0.400     0.533
medina              0.455     0.500     0.476
moat water          0.200     0.100     0.133
monastery outdoor     0.100     0.100     0.100
mosque indoor       0.455     0.500     0.476
mosque outdoor      0.857     0.600     0.706
motel               0.238     0.500     0.323
mountain            0.000     0.000     0.000
mountain snowy      0.500     0.200     0.286
movie theater indoor     0.545     0.600     0.571
museum indoor       0.000     0.000     0.000
music store         1.000     0.700     0.824
music studio        0.471     0.800     0.593
nuclear power plant outdoor     0.400     0.200     0.267
nursery             0.700     0.700     0.700
oast house          1.000     0.600     0.750
observatory outdoor     0.500     0.600     0.545
ocean               0.692     0.900     0.783
office              0.500     0.300     0.375
office building     0.200     0.400     0.267
oil refinery outdoor     1.000     0.200     0.333
oilrig              0.900     0.900     0.900
operating room      0.500     0.500     0.500
orchard             0.800     0.400     0.533
outhouse outdoor     0.875     0.700     0.778
pagoda              0.800     0.800     0.800
palace              0.400     0.400     0.400
pantry              0.900     0.900     0.900
park                0.333     0.500     0.400
parking garage indoor     1.000     0.800     0.889
parking garage outdoor     1.000     0.500     0.667
parking lot         0.500     0.300     0.375
parlor              0.500     0.800     0.615
pasture             0.273     0.300     0.286
patio               0.375     0.300     0.333
pavilion            0.750     0.900     0.818
pharmacy            0.290     0.900     0.439
phone booth         1.000     0.700     0.824
physics laboratory     0.500     0.400     0.444
picnic area         0.636     0.700     0.667
pilothouse indoor     0.625     0.500     0.556
planetarium outdoor     1.000     0.600     0.750
playground          0.533     0.800     0.640
playroom            0.333     0.400     0.364
plaza               0.333     0.600     0.429
podium indoor       0.571     0.800     0.667
podium outdoor      1.000     0.900     0.947
pond                0.500     0.200     0.286
poolroom establishment     0.857     0.600     0.706
poolroom home       0.400     0.200     0.267
power plant outdoor     0.000     0.000     0.000
promenade deck      0.389     0.700     0.500
pub indoor          0.667     0.600     0.632
pulpit              0.700     0.700     0.700
putting green       0.667     0.800     0.727
racecourse          0.625     0.500     0.556
raceway             0.750     0.600     0.667
raft                0.909     1.000     0.952
railroad track      0.714     0.500     0.588
rainforest          0.263     0.500     0.345
reception           1.000     0.600     0.750
recreation room     0.222     0.600     0.324
residential neighborhood     0.444     0.800     0.571
restaurant          0.250     0.200     0.222
restaurant kitchen     1.000     0.600     0.750
restaurant patio     1.000     0.600     0.750
rice paddy          0.222     0.400     0.286
riding arena        0.800     0.800     0.800
river               0.300     0.300     0.300
rock arch           1.000     0.600     0.750
rope bridge         0.800     0.800     0.800
ruin                0.857     0.600     0.706
runway              0.625     0.500     0.556
sandbar             0.455     0.500     0.476
sandbox             1.000     0.600     0.750
sauna               0.714     1.000     0.833
schoolhouse         0.364     0.800     0.500
sea cliff           1.000     0.300     0.462
server room         0.625     0.500     0.556
shed                0.562     0.900     0.692
shoe shop           0.667     0.400     0.500
shopfront           0.538     0.700     0.609
shopping mall indoor     0.300     0.300     0.300
shower              0.412     0.700     0.519
skatepark           0.800     0.400     0.533
ski lodge           0.500     0.600     0.545
ski resort          0.818     0.900     0.857
ski slope           0.471     0.800     0.593
sky                 0.833     1.000     0.909
skyscraper          0.833     0.500     0.625
slum                0.778     0.700     0.737
snowfield           0.167     0.100     0.125
squash court        0.875     0.700     0.778
stable              0.875     0.700     0.778
stadium baseball     0.875     0.700     0.778
stadium football     0.625     1.000     0.769
stage indoor        0.500     0.200     0.286
staircase           0.667     0.600     0.632
street              0.700     0.700     0.700
subway interior     0.857     0.600     0.706
subway station platform     0.727     0.800     0.762
supermarket         0.364     0.400     0.381
sushi bar           0.538     0.700     0.609
swamp               1.000     0.700     0.824
swimming pool indoor     1.000     0.600     0.750
swimming pool outdoor     0.800     0.800     0.800
synagogue indoor     0.286     0.200     0.235
synagogue outdoor     0.583     0.700     0.636
television studio     0.583     0.700     0.636
temple east asia     0.583     0.700     0.636
temple south asia     0.667     0.400     0.500
tennis court indoor     0.667     1.000     0.800
tennis court outdoor     0.700     0.700     0.700
tent outdoor        0.818     0.900     0.857
theater indoor procenium     0.800     0.400     0.533
theater indoor seats     0.600     0.300     0.400
thriftshop          0.333     0.200     0.250
throne room         0.571     0.800     0.667
ticket booth        0.353     0.600     0.444
toll plaza          0.600     0.600     0.600
topiary garden      0.875     0.700     0.778
tower               0.368     0.700     0.483
toyshop             0.714     0.500     0.588
track outdoor       1.000     0.700     0.824
train railway       0.727     0.800     0.762
train station platform     0.900     0.900     0.900
tree farm           0.308     0.400     0.348
tree house          0.727     0.800     0.762
trench              0.500     0.600     0.545
underwater coral reef     1.000     1.000     1.000
utility room        0.857     0.600     0.706
valley              0.312     0.500     0.385
van interior        0.400     0.400     0.400
vegetable garden     0.455     0.500     0.476
veranda             0.571     0.400     0.471
veterinarians office     0.692     0.900     0.783
viaduct             0.727     0.800     0.762
videostore          0.800     0.800     0.800
village             0.778     0.700     0.737
vineyard            0.385     0.500     0.435
volcano             0.667     0.800     0.727
volleyball court indoor     0.636     0.700     0.667
volleyball court outdoor     0.500     0.300     0.375
waiting room        0.357     0.500     0.417
warehouse indoor     0.833     0.500     0.625
water tower         0.636     0.700     0.667
waterfall block     0.800     0.800     0.800
waterfall fan       0.667     0.600     0.632
waterfall plunge     0.700     0.700     0.700
watering hole       0.875     0.700     0.778
wave                0.889     0.800     0.842
wet bar             0.600     0.300     0.400
wheat field         0.750     0.600     0.667
wind farm           1.000     0.500     0.667
windmill            0.600     0.900     0.720
wine cellar barrel storage     1.000     0.700     0.824
wine cellar bottle storage     0.667     0.600     0.632
wrestling ring indoor     0.833     0.500     0.625
yard                0.273     0.300     0.286
youth hostel        0.833     0.500     0.625

=== Overall ===
Accuracy       0.568
Precision (macro)   0.605
Recall (macro)      0.568
F1 (macro)          0.566

(Final TEST accuracy above is for the VALIDATION-selected epoch 4, evaluated on the test set exactly once.)

Saved results to ../../results/cgcbat_v8_val_sun397.json
=== Intel Image CG-CBAT v8 (frozen backbone, 8ep, val-split 0.15) ===
Warning: You are sending unauthenticated requests to the HF Hub. Please set a HF_TOKEN to enable higher rate limits and faster downloads.
Using device: mps
Classes: ['buildings', 'forest', 'glacier', 'mountain', 'sea', 'street']
Train size: 11929, Val size: 2105 (stratified 15% of train, seed=42), Test size: 3000 (untouched, final-eval only)
[load_backbone_checkpoint] loaded 318/318 backbone tensors from '../../results/resnet50_8ep_intel_image_checkpoint.pt' (dropped 2 non-backbone keys: ['fc.weight', 'fc.bias'])
Round 6 frozen-backbone mode: loaded 318 backbone tensors from ../../results/resnet50_8ep_intel_image_checkpoint.pt, dropped 2 non-backbone keys, backbone frozen for all 8 epochs.
Round 6 frozen-backbone optimizer: new/head modules lr=0.00030000000000000003 (wd=0.05), backbone excluded from optimizer updates (frozen).
Epoch 1: backbone permanently frozen (Round 6 mode, no warm-up schedule)
  batch 20/373 - loss: 0.5150 - elapsed: 16.4s
  batch 40/373 - loss: 0.0608 - elapsed: 26.1s
  batch 60/373 - loss: 0.0904 - elapsed: 35.8s
  batch 80/373 - loss: 0.0245 - elapsed: 45.5s
  batch 100/373 - loss: 0.0233 - elapsed: 55.2s
  batch 120/373 - loss: 0.0185 - elapsed: 64.8s
  batch 140/373 - loss: 0.0075 - elapsed: 74.5s
  batch 160/373 - loss: 0.0513 - elapsed: 84.1s
  batch 180/373 - loss: 0.0386 - elapsed: 93.8s
  batch 200/373 - loss: 0.0112 - elapsed: 103.4s
  batch 220/373 - loss: 0.0404 - elapsed: 113.1s
  batch 240/373 - loss: 0.0059 - elapsed: 122.8s
  batch 260/373 - loss: 0.0038 - elapsed: 132.5s
  batch 280/373 - loss: 0.0191 - elapsed: 142.1s
  batch 300/373 - loss: 0.0180 - elapsed: 151.8s
  batch 320/373 - loss: 0.0049 - elapsed: 161.4s
  batch 340/373 - loss: 0.0046 - elapsed: 171.1s
  batch 360/373 - loss: 0.0172 - elapsed: 180.8s
  batch 373/373 - loss: 0.0023 - elapsed: 187.2s
Epoch 1/8 - loss: 0.0960 - time: 207.2s
Saved checkpoint to ../../results/cgcbat_v8_val_intel_image_checkpoint.pt (epoch 1)
Epoch 1 VAL eval: accuracy=0.9948 precision_macro=0.9950 recall_macro=0.9949 f1_macro=0.9949
  -> new best validation epoch (1, accuracy=0.9948); checkpointed in memory.
  batch 20/373 - loss: 0.0034 - elapsed: 16.4s
  batch 40/373 - loss: 0.0032 - elapsed: 26.0s
  batch 60/373 - loss: 0.0029 - elapsed: 35.7s
  batch 80/373 - loss: 0.0027 - elapsed: 45.5s
  batch 100/373 - loss: 0.0017 - elapsed: 55.1s
  batch 120/373 - loss: 0.0030 - elapsed: 64.8s
  batch 140/373 - loss: 0.0372 - elapsed: 74.5s
  batch 160/373 - loss: 0.0212 - elapsed: 84.2s
  batch 180/373 - loss: 0.0008 - elapsed: 93.8s
  batch 200/373 - loss: 0.0023 - elapsed: 103.6s
  batch 220/373 - loss: 0.0072 - elapsed: 113.3s
  batch 240/373 - loss: 0.0664 - elapsed: 122.9s
  batch 260/373 - loss: 0.0016 - elapsed: 132.6s
  batch 280/373 - loss: 0.0041 - elapsed: 142.3s
  batch 300/373 - loss: 0.0019 - elapsed: 152.0s
  batch 320/373 - loss: 0.0138 - elapsed: 161.7s
  batch 340/373 - loss: 0.0016 - elapsed: 171.3s
  batch 360/373 - loss: 0.0354 - elapsed: 181.0s
  batch 373/373 - loss: 0.0651 - elapsed: 187.2s
Epoch 2/8 - loss: 0.0174 - time: 207.2s
Saved checkpoint to ../../results/cgcbat_v8_val_intel_image_checkpoint.pt (epoch 2)
Epoch 2 VAL eval: accuracy=0.9952 precision_macro=0.9954 recall_macro=0.9954 f1_macro=0.9954
  -> new best validation epoch (2, accuracy=0.9952); checkpointed in memory.
  batch 20/373 - loss: 0.0065 - elapsed: 16.5s
  batch 40/373 - loss: 0.0156 - elapsed: 26.2s
  batch 60/373 - loss: 0.0037 - elapsed: 35.9s
  batch 80/373 - loss: 0.0028 - elapsed: 45.6s
  batch 100/373 - loss: 0.0062 - elapsed: 55.3s
  batch 120/373 - loss: 0.0084 - elapsed: 65.0s
  batch 140/373 - loss: 0.0045 - elapsed: 74.6s
  batch 160/373 - loss: 0.0376 - elapsed: 84.3s
  batch 180/373 - loss: 0.0047 - elapsed: 94.0s
  batch 200/373 - loss: 0.0041 - elapsed: 103.6s
  batch 220/373 - loss: 0.0010 - elapsed: 113.3s
  batch 240/373 - loss: 0.0052 - elapsed: 122.9s
  batch 260/373 - loss: 0.0021 - elapsed: 132.6s
  batch 280/373 - loss: 0.0027 - elapsed: 142.3s
  batch 300/373 - loss: 0.0039 - elapsed: 152.0s
  batch 320/373 - loss: 0.0011 - elapsed: 161.7s
  batch 340/373 - loss: 0.0544 - elapsed: 171.3s
  batch 360/373 - loss: 0.0071 - elapsed: 181.0s
  batch 373/373 - loss: 0.0005 - elapsed: 187.2s
Epoch 3/8 - loss: 0.0116 - time: 207.2s
Saved checkpoint to ../../results/cgcbat_v8_val_intel_image_checkpoint.pt (epoch 3)
Epoch 3 VAL eval: accuracy=0.9967 precision_macro=0.9969 recall_macro=0.9967 f1_macro=0.9968
  -> new best validation epoch (3, accuracy=0.9967); checkpointed in memory.
  batch 20/373 - loss: 0.0280 - elapsed: 16.5s
  batch 40/373 - loss: 0.0023 - elapsed: 26.3s
  batch 60/373 - loss: 0.0430 - elapsed: 36.0s
  batch 80/373 - loss: 0.0005 - elapsed: 45.7s
  batch 100/373 - loss: 0.0045 - elapsed: 55.4s
  batch 120/373 - loss: 0.1639 - elapsed: 65.1s
  batch 140/373 - loss: 0.0004 - elapsed: 74.8s
  batch 160/373 - loss: 0.0016 - elapsed: 84.7s
  batch 180/373 - loss: 0.0029 - elapsed: 94.4s
  batch 200/373 - loss: 0.0065 - elapsed: 104.1s
  batch 220/373 - loss: 0.0013 - elapsed: 113.8s
  batch 240/373 - loss: 0.0071 - elapsed: 123.4s
  batch 260/373 - loss: 0.0023 - elapsed: 133.1s
  batch 280/373 - loss: 0.0019 - elapsed: 142.9s
  batch 300/373 - loss: 0.0006 - elapsed: 152.6s
  batch 320/373 - loss: 0.0093 - elapsed: 162.2s
  batch 340/373 - loss: 0.0089 - elapsed: 171.9s
  batch 360/373 - loss: 0.0008 - elapsed: 181.6s
  batch 373/373 - loss: 0.0005 - elapsed: 187.8s
Epoch 4/8 - loss: 0.0099 - time: 207.8s
Saved checkpoint to ../../results/cgcbat_v8_val_intel_image_checkpoint.pt (epoch 4)
Epoch 4 VAL eval: accuracy=0.9967 precision_macro=0.9968 recall_macro=0.9968 f1_macro=0.9968
  batch 20/373 - loss: 0.0005 - elapsed: 16.5s
  batch 40/373 - loss: 0.0011 - elapsed: 26.2s
  batch 60/373 - loss: 0.0016 - elapsed: 35.9s
  batch 80/373 - loss: 0.0003 - elapsed: 45.6s
  batch 100/373 - loss: 0.0005 - elapsed: 55.3s
  batch 120/373 - loss: 0.0008 - elapsed: 64.9s
  batch 140/373 - loss: 0.0120 - elapsed: 74.7s
  batch 160/373 - loss: 0.0012 - elapsed: 84.4s
  batch 180/373 - loss: 0.0001 - elapsed: 94.0s
  batch 200/373 - loss: 0.1944 - elapsed: 103.7s
  batch 220/373 - loss: 0.0032 - elapsed: 113.4s
  batch 240/373 - loss: 0.0009 - elapsed: 123.1s
  batch 260/373 - loss: 0.0005 - elapsed: 132.8s
  batch 280/373 - loss: 0.0014 - elapsed: 142.5s
  batch 300/373 - loss: 0.0003 - elapsed: 152.2s
  batch 320/373 - loss: 0.0045 - elapsed: 161.9s
  batch 340/373 - loss: 0.0030 - elapsed: 171.6s
  batch 360/373 - loss: 0.0003 - elapsed: 181.2s
  batch 373/373 - loss: 0.0057 - elapsed: 187.4s
Epoch 5/8 - loss: 0.0107 - time: 207.4s
Saved checkpoint to ../../results/cgcbat_v8_val_intel_image_checkpoint.pt (epoch 5)
Epoch 5 VAL eval: accuracy=0.9948 precision_macro=0.9951 recall_macro=0.9949 f1_macro=0.9950
  batch 20/373 - loss: 0.0869 - elapsed: 16.5s
  batch 40/373 - loss: 0.0009 - elapsed: 26.2s
  batch 60/373 - loss: 0.0002 - elapsed: 35.9s
  batch 80/373 - loss: 0.0002 - elapsed: 45.6s
  batch 100/373 - loss: 0.0293 - elapsed: 55.3s
  batch 120/373 - loss: 0.0014 - elapsed: 65.0s
  batch 140/373 - loss: 0.0006 - elapsed: 74.8s
  batch 160/373 - loss: 0.0002 - elapsed: 84.5s
  batch 180/373 - loss: 0.0013 - elapsed: 94.2s
  batch 200/373 - loss: 0.0039 - elapsed: 103.8s
  batch 220/373 - loss: 0.0002 - elapsed: 113.5s
  batch 240/373 - loss: 0.0005 - elapsed: 123.2s
  batch 260/373 - loss: 0.0002 - elapsed: 132.9s
  batch 280/373 - loss: 0.0004 - elapsed: 142.6s
  batch 300/373 - loss: 0.1014 - elapsed: 152.3s
  batch 320/373 - loss: 0.0006 - elapsed: 162.0s
  batch 340/373 - loss: 0.0002 - elapsed: 171.7s
  batch 360/373 - loss: 0.0005 - elapsed: 181.4s
  batch 373/373 - loss: 0.0001 - elapsed: 187.7s
Epoch 6/8 - loss: 0.0076 - time: 207.7s
Saved checkpoint to ../../results/cgcbat_v8_val_intel_image_checkpoint.pt (epoch 6)
Epoch 6 VAL eval: accuracy=0.9948 precision_macro=0.9950 recall_macro=0.9948 f1_macro=0.9949
  batch 20/373 - loss: 0.0030 - elapsed: 17.4s
  batch 40/373 - loss: 0.0019 - elapsed: 27.2s
  batch 60/373 - loss: 0.0050 - elapsed: 36.9s
  batch 80/373 - loss: 0.0042 - elapsed: 46.7s
  batch 100/373 - loss: 0.0001 - elapsed: 56.5s
  batch 120/373 - loss: 0.0007 - elapsed: 66.2s
  batch 140/373 - loss: 0.0005 - elapsed: 75.9s
  batch 160/373 - loss: 0.0012 - elapsed: 85.7s
  batch 180/373 - loss: 0.0001 - elapsed: 95.4s
  batch 200/373 - loss: 0.0001 - elapsed: 105.2s
  batch 220/373 - loss: 0.0001 - elapsed: 115.0s
  batch 240/373 - loss: 0.0005 - elapsed: 124.7s
  batch 260/373 - loss: 0.0054 - elapsed: 134.5s
  batch 280/373 - loss: 0.0069 - elapsed: 144.2s
  batch 300/373 - loss: 0.0002 - elapsed: 153.9s
  batch 320/373 - loss: 0.0016 - elapsed: 163.6s
  batch 340/373 - loss: 0.0157 - elapsed: 173.4s
  batch 360/373 - loss: 0.0007 - elapsed: 183.1s
  batch 373/373 - loss: 0.0012 - elapsed: 189.3s
Epoch 7/8 - loss: 0.0068 - time: 209.4s
Saved checkpoint to ../../results/cgcbat_v8_val_intel_image_checkpoint.pt (epoch 7)
Epoch 7 VAL eval: accuracy=0.9948 precision_macro=0.9951 recall_macro=0.9949 f1_macro=0.9949
  batch 20/373 - loss: 0.0007 - elapsed: 16.6s
  batch 40/373 - loss: 0.0005 - elapsed: 26.3s
  batch 60/373 - loss: 0.0068 - elapsed: 36.1s
  batch 80/373 - loss: 0.0015 - elapsed: 45.9s
  batch 100/373 - loss: 0.0002 - elapsed: 55.7s
  batch 120/373 - loss: 0.0013 - elapsed: 65.4s
  batch 140/373 - loss: 0.0022 - elapsed: 75.2s
  batch 160/373 - loss: 0.0315 - elapsed: 84.9s
  batch 180/373 - loss: 0.0001 - elapsed: 94.6s
  batch 200/373 - loss: 0.0001 - elapsed: 104.4s
  batch 220/373 - loss: 0.0001 - elapsed: 114.2s
  batch 240/373 - loss: 0.0005 - elapsed: 123.9s
  batch 260/373 - loss: 0.0002 - elapsed: 133.6s
  batch 280/373 - loss: 0.0076 - elapsed: 143.4s
  batch 300/373 - loss: 0.0010 - elapsed: 153.1s
  batch 320/373 - loss: 0.0449 - elapsed: 162.9s
  batch 340/373 - loss: 0.0002 - elapsed: 172.6s
  batch 360/373 - loss: 0.0001 - elapsed: 182.7s
  batch 373/373 - loss: 0.0010 - elapsed: 189.0s
Epoch 8/8 - loss: 0.0063 - time: 209.0s
Saved checkpoint to ../../results/cgcbat_v8_val_intel_image_checkpoint.pt (epoch 8)
Epoch 8 VAL eval: accuracy=0.9952 precision_macro=0.9954 recall_macro=0.9954 f1_macro=0.9954

Best epoch by VALIDATION accuracy: epoch 3 with val accuracy=0.9967
Reloaded epoch 3's weights (best validation accuracy) and overwrote ../../results/cgcbat_v8_val_intel_image_checkpoint.pt to match.

=== Per-class results ===
Class           Precision    Recall        F1
---------------------------------------------
buildings           0.966     0.922     0.944
forest              0.985     0.996     0.991
glacier             0.896     0.888     0.892
mountain            0.888     0.893     0.891
sea                 0.962     0.955     0.959
street              0.933     0.972     0.952

=== Overall ===
Accuracy       0.936
Precision (macro)   0.939
Recall (macro)      0.938
F1 (macro)          0.938

(Final TEST accuracy above is for the VALIDATION-selected epoch 3, evaluated on the test set exactly once.)

Saved results to ../../results/cgcbat_v8_val_intel_image.json
=== ALL DONE ===
