Using device: mps
Classes: ['abbey', 'airplane cabin', 'airport terminal', 'alley', 'amphitheater', 'amusement arcade', 'amusement park', 'anechoic chamber', 'apartment building outdoor', 'apse indoor', 'aquarium', 'aqueduct', 'arch', 'archive', 'arrival gate outdoor', 'art gallery', 'art school', 'art studio', 'assembly line', 'athletic field outdoor', 'atrium public', 'attic', 'auditorium', 'auto factory', 'badlands', 'badminton court indoor', 'baggage claim', 'bakery shop', 'balcony exterior', 'balcony interior', 'ball pit', 'ballroom', 'bamboo forest', 'banquet hall', 'bar', 'barn', 'barndoor', 'baseball field', 'basement', 'basilica', 'basketball court outdoor', 'bathroom', 'batters box', 'bayou', 'bazaar indoor', 'bazaar outdoor', 'beach', 'beauty salon', 'bedroom', 'berth', 'biology laboratory', 'bistro indoor', 'boardwalk', 'boat deck', 'boathouse', 'bookstore', 'booth indoor', 'botanical garden', 'bow window indoor', 'bow window outdoor', 'bowling alley', 'boxing ring', 'brewery indoor', 'bridge', 'building facade', 'bullring', 'burial chamber', 'bus interior', 'butchers shop', 'butte', 'cabin outdoor', 'cafeteria', 'campsite', 'campus', 'canal natural', 'canal urban', 'candy store', 'canyon', 'car interior backseat', 'car interior frontseat', 'carrousel', 'casino indoor', 'castle', 'catacomb', 'cathedral indoor', 'cathedral outdoor', 'cavern indoor', 'cemetery', 'chalet', 'cheese factory', 'chemistry lab', 'chicken coop indoor', 'chicken coop outdoor', 'childs room', 'church indoor', 'church outdoor', 'classroom', 'clean room', 'cliff', 'cloister indoor', 'closet', 'clothing store', 'coast', 'cockpit', 'coffee shop', 'computer room', 'conference center', 'conference room', 'construction site', 'control room', 'control tower outdoor', 'corn field', 'corral', 'corridor', 'cottage garden', 'courthouse', 'courtroom', 'courtyard', 'covered bridge exterior', 'creek', 'crevasse', 'crosswalk', 'cubicle office', 'dam', 'delicatessen', 'dentists office', 'desert sand', 'desert vegetation', 'diner indoor', 'diner outdoor', 'dinette home', 'dinette vehicle', 'dining car', 'dining room', 'discotheque', 'dock', 'doorway outdoor', 'dorm room', 'driveway', 'driving range outdoor', 'drugstore', 'electrical substation', 'elevator door', 'elevator interior', 'elevator shaft', 'engine room', 'escalator indoor', 'excavation', 'factory indoor', 'fairway', 'fastfood restaurant', 'field cultivated', 'field wild', 'fire escape', 'fire station', 'firing range indoor', 'fishpond', 'florist shop indoor', 'food court', 'forest broadleaf', 'forest needleleaf', 'forest path', 'forest road', 'formal garden', 'fountain', 'galley', 'game room', 'garage indoor', 'garbage dump', 'gas station', 'gazebo exterior', 'general store indoor', 'general store outdoor', 'gift shop', 'golf course', 'greenhouse indoor', 'greenhouse outdoor', 'gymnasium indoor', 'hangar indoor', 'hangar outdoor', 'harbor', 'hayfield', 'heliport', 'herb garden', 'highway', 'hill', 'home office', 'hospital', 'hospital room', 'hot spring', 'hot tub outdoor', 'hotel outdoor', 'hotel room', 'house', 'hunting lodge outdoor', 'ice cream parlor', 'ice floe', 'ice shelf', 'ice skating rink indoor', 'ice skating rink outdoor', 'iceberg', 'igloo', 'industrial area', 'inn outdoor', 'islet', 'jacuzzi indoor', 'jail cell', 'jail indoor', 'jewelry shop', 'kasbah', 'kennel indoor', 'kennel outdoor', 'kindergarden classroom', 'kitchen', 'kitchenette', 'labyrinth outdoor', 'lake natural', 'landfill', 'landing deck', 'laundromat', 'lecture room', 'library indoor', 'library outdoor', 'lido deck outdoor', 'lift bridge', 'lighthouse', 'limousine interior', 'living room', 'lobby', 'lock chamber', 'locker room', 'mansion', 'manufactured home', 'market indoor', 'market outdoor', 'marsh', 'martial arts gym', 'mausoleum', 'medina', 'moat water', 'monastery outdoor', 'mosque indoor', 'mosque outdoor', 'motel', 'mountain', 'mountain snowy', 'movie theater indoor', 'museum indoor', 'music store', 'music studio', 'nuclear power plant outdoor', 'nursery', 'oast house', 'observatory outdoor', 'ocean', 'office', 'office building', 'oil refinery outdoor', 'oilrig', 'operating room', 'orchard', 'outhouse outdoor', 'pagoda', 'palace', 'pantry', 'park', 'parking garage indoor', 'parking garage outdoor', 'parking lot', 'parlor', 'pasture', 'patio', 'pavilion', 'pharmacy', 'phone booth', 'physics laboratory', 'picnic area', 'pilothouse indoor', 'planetarium outdoor', 'playground', 'playroom', 'plaza', 'podium indoor', 'podium outdoor', 'pond', 'poolroom establishment', 'poolroom home', 'power plant outdoor', 'promenade deck', 'pub indoor', 'pulpit', 'putting green', 'racecourse', 'raceway', 'raft', 'railroad track', 'rainforest', 'reception', 'recreation room', 'residential neighborhood', 'restaurant', 'restaurant kitchen', 'restaurant patio', 'rice paddy', 'riding arena', 'river', 'rock arch', 'rope bridge', 'ruin', 'runway', 'sandbar', 'sandbox', 'sauna', 'schoolhouse', 'sea cliff', 'server room', 'shed', 'shoe shop', 'shopfront', 'shopping mall indoor', 'shower', 'skatepark', 'ski lodge', 'ski resort', 'ski slope', 'sky', 'skyscraper', 'slum', 'snowfield', 'squash court', 'stable', 'stadium baseball', 'stadium football', 'stage indoor', 'staircase', 'street', 'subway interior', 'subway station platform', 'supermarket', 'sushi bar', 'swamp', 'swimming pool indoor', 'swimming pool outdoor', 'synagogue indoor', 'synagogue outdoor', 'television studio', 'temple east asia', 'temple south asia', 'tennis court indoor', 'tennis court outdoor', 'tent outdoor', 'theater indoor procenium', 'theater indoor seats', 'thriftshop', 'throne room', 'ticket booth', 'toll plaza', 'topiary garden', 'tower', 'toyshop', 'track outdoor', 'train railway', 'train station platform', 'tree farm', 'tree house', 'trench', 'underwater coral reef', 'utility room', 'valley', 'van interior', 'vegetable garden', 'veranda', 'veterinarians office', 'viaduct', 'videostore', 'village', 'vineyard', 'volcano', 'volleyball court indoor', 'volleyball court outdoor', 'waiting room', 'warehouse indoor', 'water tower', 'waterfall block', 'waterfall fan', 'waterfall plunge', 'watering hole', 'wave', 'wet bar', 'wheat field', 'wind farm', 'windmill', 'wine cellar barrel storage', 'wine cellar bottle storage', 'wrestling ring indoor', 'yard', 'youth hostel']
Train size: 11910, Test size: 3970
[load_backbone_checkpoint] loaded 318/318 backbone tensors from '../../results/resnet50_8ep_sun397_checkpoint.pt' (dropped 2 non-backbone keys: ['fc.weight', 'fc.bias'])
Round 6 frozen-backbone mode: loaded 318 backbone tensors from ../../results/resnet50_8ep_sun397_checkpoint.pt, dropped 2 non-backbone keys, backbone frozen for all 16 epochs.
Round 6 frozen-backbone optimizer: new/head modules lr=0.00030000000000000003 (wd=0.05), backbone excluded from optimizer updates (frozen).
Epoch 1: backbone permanently frozen (Round 6 mode, no warm-up schedule)
  batch 20/373 - loss: 5.8797 - elapsed: 17.9s
  batch 40/373 - loss: 5.3812 - elapsed: 28.1s
  batch 60/373 - loss: 4.3322 - elapsed: 38.0s
  batch 80/373 - loss: 3.5854 - elapsed: 48.0s
  batch 100/373 - loss: 2.6216 - elapsed: 57.8s
  batch 120/373 - loss: 1.9633 - elapsed: 67.8s
  batch 140/373 - loss: 1.5680 - elapsed: 77.9s
  batch 160/373 - loss: 1.0616 - elapsed: 88.0s
  batch 180/373 - loss: 1.2293 - elapsed: 98.5s
  batch 200/373 - loss: 1.1596 - elapsed: 108.7s
  batch 220/373 - loss: 1.0843 - elapsed: 119.0s
  batch 240/373 - loss: 0.9581 - elapsed: 129.3s
  batch 260/373 - loss: 0.5580 - elapsed: 139.6s
  batch 280/373 - loss: 0.8986 - elapsed: 149.6s
  batch 300/373 - loss: 0.8506 - elapsed: 159.5s
  batch 320/373 - loss: 0.7349 - elapsed: 169.4s
  batch 340/373 - loss: 0.8270 - elapsed: 179.4s
  batch 360/373 - loss: 0.7482 - elapsed: 189.3s
  batch 373/373 - loss: 0.2066 - elapsed: 195.4s
Epoch 1/16 - loss: 2.0921 - time: 215.4s
Saved checkpoint to ../../results/cgcbat_v7_sun397_checkpoint.pt (epoch 1)
Epoch 1 eval: accuracy=0.5453 precision_macro=0.5952 recall_macro=0.5453 f1_macro=0.5365
  batch 20/373 - loss: 0.7722 - elapsed: 17.7s
  batch 40/373 - loss: 0.3544 - elapsed: 27.6s
  batch 60/373 - loss: 0.3667 - elapsed: 37.4s
  batch 80/373 - loss: 0.6055 - elapsed: 47.4s
  batch 100/373 - loss: 0.4468 - elapsed: 57.2s
  batch 120/373 - loss: 0.6004 - elapsed: 67.1s
  batch 140/373 - loss: 0.8109 - elapsed: 77.0s
  batch 160/373 - loss: 0.2779 - elapsed: 86.9s
  batch 180/373 - loss: 0.2509 - elapsed: 96.8s
  batch 200/373 - loss: 0.4988 - elapsed: 106.6s
  batch 220/373 - loss: 0.6559 - elapsed: 116.9s
  batch 240/373 - loss: 0.6442 - elapsed: 127.8s
  batch 260/373 - loss: 0.5911 - elapsed: 137.8s
  batch 280/373 - loss: 0.6755 - elapsed: 147.8s
  batch 300/373 - loss: 0.7565 - elapsed: 158.0s
  batch 320/373 - loss: 0.4338 - elapsed: 168.0s
  batch 340/373 - loss: 0.5097 - elapsed: 178.2s
  batch 360/373 - loss: 0.5260 - elapsed: 188.3s
  batch 373/373 - loss: 0.3480 - elapsed: 194.4s
Epoch 2/16 - loss: 0.5420 - time: 214.4s
Saved checkpoint to ../../results/cgcbat_v7_sun397_checkpoint.pt (epoch 2)
Epoch 2 eval: accuracy=0.5662 precision_macro=0.6154 recall_macro=0.5662 f1_macro=0.5609
  batch 20/373 - loss: 0.4614 - elapsed: 18.6s
  batch 40/373 - loss: 0.2600 - elapsed: 29.1s
  batch 60/373 - loss: 0.3589 - elapsed: 39.6s
  batch 80/373 - loss: 0.2516 - elapsed: 49.7s
  batch 100/373 - loss: 0.3317 - elapsed: 59.8s
  batch 120/373 - loss: 0.2336 - elapsed: 69.8s
  batch 140/373 - loss: 0.3832 - elapsed: 79.7s
  batch 160/373 - loss: 0.2266 - elapsed: 89.7s
  batch 180/373 - loss: 0.5134 - elapsed: 99.9s
  batch 200/373 - loss: 0.3445 - elapsed: 110.0s
  batch 220/373 - loss: 0.3443 - elapsed: 120.3s
  batch 240/373 - loss: 0.5021 - elapsed: 130.6s
  batch 260/373 - loss: 0.4354 - elapsed: 140.9s
  batch 280/373 - loss: 0.2394 - elapsed: 150.9s
  batch 300/373 - loss: 0.4653 - elapsed: 160.8s
  batch 320/373 - loss: 0.4337 - elapsed: 170.7s
  batch 340/373 - loss: 0.2477 - elapsed: 180.6s
  batch 360/373 - loss: 0.1468 - elapsed: 190.6s
  batch 373/373 - loss: 0.0913 - elapsed: 196.7s
Epoch 3/16 - loss: 0.3440 - time: 216.7s
Saved checkpoint to ../../results/cgcbat_v7_sun397_checkpoint.pt (epoch 3)
Epoch 3 eval: accuracy=0.5698 precision_macro=0.6051 recall_macro=0.5698 f1_macro=0.5636
  batch 20/373 - loss: 0.1778 - elapsed: 17.5s
  batch 40/373 - loss: 0.1912 - elapsed: 27.4s
  batch 60/373 - loss: 0.2005 - elapsed: 37.3s
  batch 80/373 - loss: 0.1719 - elapsed: 47.3s
  batch 100/373 - loss: 0.2099 - elapsed: 57.5s
  batch 120/373 - loss: 0.1416 - elapsed: 67.5s
  batch 140/373 - loss: 0.1859 - elapsed: 77.4s
  batch 160/373 - loss: 0.2576 - elapsed: 87.4s
  batch 180/373 - loss: 0.1515 - elapsed: 97.3s
  batch 200/373 - loss: 0.1843 - elapsed: 107.3s
  batch 220/373 - loss: 0.1099 - elapsed: 117.3s
  batch 240/373 - loss: 0.1671 - elapsed: 127.3s
  batch 260/373 - loss: 0.2590 - elapsed: 137.3s
  batch 280/373 - loss: 0.1584 - elapsed: 147.2s
  batch 300/373 - loss: 0.1565 - elapsed: 157.1s
  batch 320/373 - loss: 0.1512 - elapsed: 167.1s
  batch 340/373 - loss: 0.1977 - elapsed: 176.9s
  batch 360/373 - loss: 0.3036 - elapsed: 186.8s
  batch 373/373 - loss: 0.2330 - elapsed: 192.9s
Epoch 4/16 - loss: 0.2172 - time: 212.9s
Saved checkpoint to ../../results/cgcbat_v7_sun397_checkpoint.pt (epoch 4)
Epoch 4 eval: accuracy=0.5753 precision_macro=0.6146 recall_macro=0.5753 f1_macro=0.5692
  batch 20/373 - loss: 0.1197 - elapsed: 18.1s
  batch 40/373 - loss: 0.1479 - elapsed: 28.1s
  batch 60/373 - loss: 0.0916 - elapsed: 38.0s
  batch 80/373 - loss: 0.1666 - elapsed: 47.9s
  batch 100/373 - loss: 0.1395 - elapsed: 58.8s
  batch 120/373 - loss: 0.0796 - elapsed: 69.0s
  batch 140/373 - loss: 0.2131 - elapsed: 79.2s
  batch 160/373 - loss: 0.0901 - elapsed: 89.3s
  batch 180/373 - loss: 0.1301 - elapsed: 99.4s
  batch 200/373 - loss: 0.0657 - elapsed: 109.5s
  batch 220/373 - loss: 0.0878 - elapsed: 119.5s
  batch 240/373 - loss: 0.0969 - elapsed: 129.5s
  batch 260/373 - loss: 0.0582 - elapsed: 139.6s
  batch 280/373 - loss: 0.2655 - elapsed: 149.7s
  batch 300/373 - loss: 0.1135 - elapsed: 160.0s
  batch 320/373 - loss: 0.1582 - elapsed: 170.3s
  batch 340/373 - loss: 0.1480 - elapsed: 180.6s
  batch 360/373 - loss: 0.0895 - elapsed: 190.6s
  batch 373/373 - loss: 0.2129 - elapsed: 196.6s
Epoch 5/16 - loss: 0.1364 - time: 216.6s
Saved checkpoint to ../../results/cgcbat_v7_sun397_checkpoint.pt (epoch 5)
Epoch 5 eval: accuracy=0.5824 precision_macro=0.6187 recall_macro=0.5824 f1_macro=0.5778
  batch 20/373 - loss: 0.0735 - elapsed: 17.6s
  batch 40/373 - loss: 0.1246 - elapsed: 28.3s
  batch 60/373 - loss: 0.0825 - elapsed: 39.0s
  batch 80/373 - loss: 0.1092 - elapsed: 49.2s
  batch 100/373 - loss: 0.1179 - elapsed: 59.4s
  batch 120/373 - loss: 0.0865 - elapsed: 69.5s
  batch 140/373 - loss: 0.0509 - elapsed: 79.6s
  batch 160/373 - loss: 0.0713 - elapsed: 89.7s
  batch 180/373 - loss: 0.0754 - elapsed: 99.9s
  batch 200/373 - loss: 0.0590 - elapsed: 110.1s
  batch 220/373 - loss: 0.0362 - elapsed: 120.1s
  batch 240/373 - loss: 0.0973 - elapsed: 130.1s
  batch 260/373 - loss: 0.1324 - elapsed: 140.2s
  batch 280/373 - loss: 0.0678 - elapsed: 150.6s
  batch 300/373 - loss: 0.1168 - elapsed: 160.7s
  batch 320/373 - loss: 0.1366 - elapsed: 170.9s
  batch 340/373 - loss: 0.0786 - elapsed: 181.0s
  batch 360/373 - loss: 0.1679 - elapsed: 190.9s
  batch 373/373 - loss: 0.1672 - elapsed: 197.1s
Epoch 6/16 - loss: 0.0873 - time: 217.1s
Saved checkpoint to ../../results/cgcbat_v7_sun397_checkpoint.pt (epoch 6)
Epoch 6 eval: accuracy=0.5836 precision_macro=0.6170 recall_macro=0.5836 f1_macro=0.5782
  batch 20/373 - loss: 0.0551 - elapsed: 18.3s
  batch 40/373 - loss: 0.0800 - elapsed: 28.6s
  batch 60/373 - loss: 0.0671 - elapsed: 38.7s
  batch 80/373 - loss: 0.1092 - elapsed: 48.8s
  batch 100/373 - loss: 0.0166 - elapsed: 58.7s
  batch 120/373 - loss: 0.0381 - elapsed: 68.9s
  batch 140/373 - loss: 0.0259 - elapsed: 78.9s
  batch 160/373 - loss: 0.0617 - elapsed: 89.0s
  batch 180/373 - loss: 0.0514 - elapsed: 99.0s
  batch 200/373 - loss: 0.1705 - elapsed: 109.0s
  batch 220/373 - loss: 0.0830 - elapsed: 119.2s
  batch 240/373 - loss: 0.0755 - elapsed: 129.5s
  batch 260/373 - loss: 0.0628 - elapsed: 139.8s
  batch 280/373 - loss: 0.0524 - elapsed: 149.8s
  batch 300/373 - loss: 0.0686 - elapsed: 159.9s
  batch 320/373 - loss: 0.0396 - elapsed: 169.8s
  batch 340/373 - loss: 0.0931 - elapsed: 179.9s
  batch 360/373 - loss: 0.0477 - elapsed: 190.0s
  batch 373/373 - loss: 0.0346 - elapsed: 196.1s
Epoch 7/16 - loss: 0.0628 - time: 216.1s
Saved checkpoint to ../../results/cgcbat_v7_sun397_checkpoint.pt (epoch 7)
Epoch 7 eval: accuracy=0.5788 precision_macro=0.6208 recall_macro=0.5788 f1_macro=0.5767
  batch 20/373 - loss: 0.0376 - elapsed: 19.0s
  batch 40/373 - loss: 0.0445 - elapsed: 29.3s
  batch 60/373 - loss: 0.0586 - elapsed: 39.6s
  batch 80/373 - loss: 0.0305 - elapsed: 49.9s
  batch 100/373 - loss: 0.0126 - elapsed: 60.3s
  batch 120/373 - loss: 0.0609 - elapsed: 70.5s
  batch 140/373 - loss: 0.0168 - elapsed: 80.6s
  batch 160/373 - loss: 0.0492 - elapsed: 90.6s
  batch 180/373 - loss: 0.0207 - elapsed: 100.9s
  batch 200/373 - loss: 0.0181 - elapsed: 110.9s
  batch 220/373 - loss: 0.0083 - elapsed: 120.9s
  batch 240/373 - loss: 0.0224 - elapsed: 130.9s
  batch 260/373 - loss: 0.0352 - elapsed: 140.9s
  batch 280/373 - loss: 0.0410 - elapsed: 151.0s
  batch 300/373 - loss: 0.0376 - elapsed: 161.1s
  batch 320/373 - loss: 0.0158 - elapsed: 171.0s
  batch 340/373 - loss: 0.0400 - elapsed: 181.1s
  batch 360/373 - loss: 0.0113 - elapsed: 191.1s
  batch 373/373 - loss: 0.0312 - elapsed: 197.2s
Epoch 8/16 - loss: 0.0446 - time: 217.2s
Saved checkpoint to ../../results/cgcbat_v7_sun397_checkpoint.pt (epoch 8)
Epoch 8 eval: accuracy=0.5859 precision_macro=0.6149 recall_macro=0.5859 f1_macro=0.5834
  batch 20/373 - loss: 0.0230 - elapsed: 18.1s
  batch 40/373 - loss: 0.0311 - elapsed: 28.1s
  batch 60/373 - loss: 0.0594 - elapsed: 38.1s
  batch 80/373 - loss: 0.0188 - elapsed: 48.1s
  batch 100/373 - loss: 0.0302 - elapsed: 58.1s
  batch 120/373 - loss: 0.0152 - elapsed: 68.1s
  batch 140/373 - loss: 0.0254 - elapsed: 78.2s
  batch 160/373 - loss: 0.0154 - elapsed: 88.2s
  batch 180/373 - loss: 0.0258 - elapsed: 98.2s
  batch 200/373 - loss: 0.0093 - elapsed: 108.2s
  batch 220/373 - loss: 0.0472 - elapsed: 118.2s
  batch 240/373 - loss: 0.0167 - elapsed: 128.2s
  batch 260/373 - loss: 0.0147 - elapsed: 138.2s
  batch 280/373 - loss: 0.0368 - elapsed: 148.2s
  batch 300/373 - loss: 0.0093 - elapsed: 158.3s
  batch 320/373 - loss: 0.0203 - elapsed: 168.2s
  batch 340/373 - loss: 0.0248 - elapsed: 178.2s
  batch 360/373 - loss: 0.0491 - elapsed: 188.2s
  batch 373/373 - loss: 0.0064 - elapsed: 194.4s
Epoch 9/16 - loss: 0.0337 - time: 214.4s
Saved checkpoint to ../../results/cgcbat_v7_sun397_checkpoint.pt (epoch 9)
Epoch 9 eval: accuracy=0.5829 precision_macro=0.6109 recall_macro=0.5829 f1_macro=0.5807
  batch 20/373 - loss: 0.0356 - elapsed: 18.4s
  batch 40/373 - loss: 0.0130 - elapsed: 28.5s
  batch 60/373 - loss: 0.0341 - elapsed: 38.4s
  batch 80/373 - loss: 0.0101 - elapsed: 48.4s
  batch 100/373 - loss: 0.0276 - elapsed: 58.3s
  batch 120/373 - loss: 0.0076 - elapsed: 68.2s
  batch 140/373 - loss: 0.0149 - elapsed: 78.2s
  batch 160/373 - loss: 0.0203 - elapsed: 88.2s
  batch 180/373 - loss: 0.0090 - elapsed: 98.1s
  batch 200/373 - loss: 0.0141 - elapsed: 108.2s
  batch 220/373 - loss: 0.0115 - elapsed: 118.4s
  batch 240/373 - loss: 0.0424 - elapsed: 128.5s
  batch 260/373 - loss: 0.0248 - elapsed: 138.7s
  batch 280/373 - loss: 0.0102 - elapsed: 149.3s
  batch 300/373 - loss: 0.0215 - elapsed: 159.2s
  batch 320/373 - loss: 0.0277 - elapsed: 169.1s
  batch 340/373 - loss: 0.0398 - elapsed: 179.1s
  batch 360/373 - loss: 0.0371 - elapsed: 189.1s
  batch 373/373 - loss: 0.0117 - elapsed: 195.5s
Epoch 10/16 - loss: 0.0260 - time: 215.5s
Saved checkpoint to ../../results/cgcbat_v7_sun397_checkpoint.pt (epoch 10)
Epoch 10 eval: accuracy=0.5849 precision_macro=0.6129 recall_macro=0.5849 f1_macro=0.5828
  batch 20/373 - loss: 0.0054 - elapsed: 18.9s
  batch 40/373 - loss: 0.0245 - elapsed: 28.8s
  batch 60/373 - loss: 0.0224 - elapsed: 38.7s
  batch 80/373 - loss: 0.0095 - elapsed: 48.6s
  batch 100/373 - loss: 0.0253 - elapsed: 58.6s
  batch 120/373 - loss: 0.0127 - elapsed: 68.8s
  batch 140/373 - loss: 0.0148 - elapsed: 78.8s
  batch 160/373 - loss: 0.0180 - elapsed: 88.8s
  batch 180/373 - loss: 0.0095 - elapsed: 98.7s
  batch 200/373 - loss: 0.0186 - elapsed: 108.8s
  batch 220/373 - loss: 0.0130 - elapsed: 118.6s
  batch 240/373 - loss: 0.0121 - elapsed: 128.5s
  batch 260/373 - loss: 0.0218 - elapsed: 138.5s
  batch 280/373 - loss: 0.0319 - elapsed: 148.4s
  batch 300/373 - loss: 0.0106 - elapsed: 158.3s
  batch 320/373 - loss: 0.0083 - elapsed: 168.2s
  batch 340/373 - loss: 0.0201 - elapsed: 178.1s
  batch 360/373 - loss: 0.0206 - elapsed: 187.9s
  batch 373/373 - loss: 0.0034 - elapsed: 194.0s
Epoch 11/16 - loss: 0.0219 - time: 214.0s
Saved checkpoint to ../../results/cgcbat_v7_sun397_checkpoint.pt (epoch 11)
Epoch 11 eval: accuracy=0.5869 precision_macro=0.6173 recall_macro=0.5869 f1_macro=0.5860
  batch 20/373 - loss: 0.0133 - elapsed: 17.2s
  batch 40/373 - loss: 0.0060 - elapsed: 27.1s
  batch 60/373 - loss: 0.0044 - elapsed: 36.9s
  batch 80/373 - loss: 0.0169 - elapsed: 46.8s
  batch 100/373 - loss: 0.0052 - elapsed: 56.6s
  batch 120/373 - loss: 0.0137 - elapsed: 66.5s
  batch 140/373 - loss: 0.0144 - elapsed: 76.4s
  batch 160/373 - loss: 0.0135 - elapsed: 86.2s
  batch 180/373 - loss: 0.0087 - elapsed: 96.1s
  batch 200/373 - loss: 0.0158 - elapsed: 105.9s
  batch 220/373 - loss: 0.0172 - elapsed: 115.7s
  batch 240/373 - loss: 0.0231 - elapsed: 125.6s
  batch 260/373 - loss: 0.0111 - elapsed: 135.4s
  batch 280/373 - loss: 0.0348 - elapsed: 145.3s
  batch 300/373 - loss: 0.0243 - elapsed: 155.1s
  batch 320/373 - loss: 0.0248 - elapsed: 165.0s
  batch 340/373 - loss: 0.0102 - elapsed: 174.9s
  batch 360/373 - loss: 0.0168 - elapsed: 184.7s
  batch 373/373 - loss: 0.0217 - elapsed: 190.8s
Epoch 12/16 - loss: 0.0262 - time: 210.8s
Saved checkpoint to ../../results/cgcbat_v7_sun397_checkpoint.pt (epoch 12)
Epoch 12 eval: accuracy=0.5866 precision_macro=0.6153 recall_macro=0.5866 f1_macro=0.5851
  batch 20/373 - loss: 0.0627 - elapsed: 17.7s
  batch 40/373 - loss: 0.0217 - elapsed: 27.6s
  batch 60/373 - loss: 0.0128 - elapsed: 37.4s
  batch 80/373 - loss: 0.0113 - elapsed: 47.6s
  batch 100/373 - loss: 0.0205 - elapsed: 57.7s
  batch 120/373 - loss: 0.0111 - elapsed: 68.0s
  batch 140/373 - loss: 0.0262 - elapsed: 77.8s
  batch 160/373 - loss: 0.0068 - elapsed: 87.8s
  batch 180/373 - loss: 0.0290 - elapsed: 97.6s
  batch 200/373 - loss: 0.0118 - elapsed: 107.6s
  batch 220/373 - loss: 0.0125 - elapsed: 117.6s
  batch 240/373 - loss: 0.0073 - elapsed: 127.5s
  batch 260/373 - loss: 0.1178 - elapsed: 137.5s
  batch 280/373 - loss: 0.0041 - elapsed: 147.4s
  batch 300/373 - loss: 0.0197 - elapsed: 157.3s
  batch 320/373 - loss: 0.0619 - elapsed: 167.6s
  batch 340/373 - loss: 0.0186 - elapsed: 178.0s
  batch 360/373 - loss: 0.0190 - elapsed: 188.1s
  batch 373/373 - loss: 0.0059 - elapsed: 194.3s
Epoch 13/16 - loss: 0.0236 - time: 214.3s
Saved checkpoint to ../../results/cgcbat_v7_sun397_checkpoint.pt (epoch 13)
Epoch 13 eval: accuracy=0.5816 precision_macro=0.6120 recall_macro=0.5816 f1_macro=0.5788
  batch 20/373 - loss: 0.0330 - elapsed: 17.8s
  batch 40/373 - loss: 0.0100 - elapsed: 27.8s
  batch 60/373 - loss: 0.0073 - elapsed: 37.8s
  batch 80/373 - loss: 0.0061 - elapsed: 47.7s
  batch 100/373 - loss: 0.0215 - elapsed: 57.7s
  batch 120/373 - loss: 0.0733 - elapsed: 67.6s
  batch 140/373 - loss: 0.0359 - elapsed: 77.5s
  batch 160/373 - loss: 0.0167 - elapsed: 87.4s
  batch 180/373 - loss: 0.0095 - elapsed: 97.4s
  batch 200/373 - loss: 0.0066 - elapsed: 107.4s
  batch 220/373 - loss: 0.0240 - elapsed: 117.5s
  batch 240/373 - loss: 0.0923 - elapsed: 127.3s
  batch 260/373 - loss: 0.0151 - elapsed: 137.2s
  batch 280/373 - loss: 0.0185 - elapsed: 147.0s
  batch 300/373 - loss: 0.0109 - elapsed: 156.9s
  batch 320/373 - loss: 0.0047 - elapsed: 166.8s
  batch 340/373 - loss: 0.0056 - elapsed: 176.7s
  batch 360/373 - loss: 0.0132 - elapsed: 186.6s
  batch 373/373 - loss: 0.0008 - elapsed: 192.6s
Epoch 14/16 - loss: 0.0176 - time: 212.7s
Saved checkpoint to ../../results/cgcbat_v7_sun397_checkpoint.pt (epoch 14)
Epoch 14 eval: accuracy=0.5887 precision_macro=0.6146 recall_macro=0.5887 f1_macro=0.5872
  batch 20/373 - loss: 0.0126 - elapsed: 17.8s
  batch 40/373 - loss: 0.0214 - elapsed: 27.7s
  batch 60/373 - loss: 0.0136 - elapsed: 37.7s
  batch 80/373 - loss: 0.0825 - elapsed: 47.6s
  batch 100/373 - loss: 0.0085 - elapsed: 57.5s
  batch 120/373 - loss: 0.0069 - elapsed: 67.5s
  batch 140/373 - loss: 0.0058 - elapsed: 77.9s
  batch 160/373 - loss: 0.0121 - elapsed: 88.7s
  batch 180/373 - loss: 0.0095 - elapsed: 98.7s
  batch 200/373 - loss: 0.0052 - elapsed: 108.9s
  batch 220/373 - loss: 0.0123 - elapsed: 119.1s
  batch 240/373 - loss: 0.0034 - elapsed: 129.2s
  batch 260/373 - loss: 0.0109 - elapsed: 139.5s
  batch 280/373 - loss: 0.0060 - elapsed: 149.6s
  batch 300/373 - loss: 0.0167 - elapsed: 159.8s
  batch 320/373 - loss: 0.0091 - elapsed: 170.2s
  batch 340/373 - loss: 0.0090 - elapsed: 180.6s
  batch 360/373 - loss: 0.0124 - elapsed: 191.0s
  batch 373/373 - loss: 0.0072 - elapsed: 197.3s
Epoch 15/16 - loss: 0.0172 - time: 217.3s
Saved checkpoint to ../../results/cgcbat_v7_sun397_checkpoint.pt (epoch 15)
Epoch 15 eval: accuracy=0.5836 precision_macro=0.6150 recall_macro=0.5836 f1_macro=0.5804
  batch 20/373 - loss: 0.0282 - elapsed: 18.5s
  batch 40/373 - loss: 0.0108 - elapsed: 28.7s
  batch 60/373 - loss: 0.0104 - elapsed: 38.9s
  batch 80/373 - loss: 0.0052 - elapsed: 49.0s
  batch 100/373 - loss: 0.0185 - elapsed: 59.2s
  batch 120/373 - loss: 0.0050 - elapsed: 69.5s
  batch 140/373 - loss: 0.0277 - elapsed: 79.5s
  batch 160/373 - loss: 0.0254 - elapsed: 89.7s
  batch 180/373 - loss: 0.0127 - elapsed: 99.7s
  batch 200/373 - loss: 0.0051 - elapsed: 109.8s
  batch 220/373 - loss: 0.0078 - elapsed: 120.0s
  batch 240/373 - loss: 0.0113 - elapsed: 130.2s
  batch 260/373 - loss: 0.0097 - elapsed: 140.4s
  batch 280/373 - loss: 0.0094 - elapsed: 150.7s
  batch 300/373 - loss: 0.0074 - elapsed: 160.9s
  batch 320/373 - loss: 0.0084 - elapsed: 171.5s
  batch 340/373 - loss: 0.0080 - elapsed: 181.8s
  batch 360/373 - loss: 0.0067 - elapsed: 191.9s
  batch 373/373 - loss: 0.1282 - elapsed: 198.1s
Epoch 16/16 - loss: 0.0197 - time: 218.1s
Saved checkpoint to ../../results/cgcbat_v7_sun397_checkpoint.pt (epoch 16)
Epoch 16 eval: accuracy=0.5723 precision_macro=0.6033 recall_macro=0.5723 f1_macro=0.5696

Best epoch by test accuracy: epoch 14 with accuracy=0.5887

=== Per-class results ===
Class           Precision    Recall        F1
---------------------------------------------
abbey               0.385     0.500     0.435
airplane cabin      0.600     0.900     0.720
airport terminal     0.133     0.200     0.160
alley               0.462     0.600     0.522
amphitheater        0.714     1.000     0.833
amusement arcade     0.800     0.800     0.800
amusement park      0.444     0.400     0.421
anechoic chamber     0.900     0.900     0.900
apartment building outdoor     0.300     0.300     0.300
apse indoor         0.615     0.800     0.696
aquarium            0.889     0.800     0.842
aqueduct            0.667     0.600     0.632
arch                0.500     0.700     0.583
archive             0.625     0.500     0.556
arrival gate outdoor     1.000     0.500     0.667
art gallery         0.800     0.400     0.533
art school          0.545     0.600     0.571
art studio          0.200     0.100     0.133
assembly line       0.250     0.200     0.222
athletic field outdoor     0.300     0.300     0.300
atrium public       0.400     0.400     0.400
attic               0.444     0.400     0.421
auditorium          0.300     0.300     0.300
auto factory        0.538     0.700     0.609
badlands            0.545     0.600     0.571
badminton court indoor     0.889     0.800     0.842
baggage claim       0.727     0.800     0.762
bakery shop         0.571     0.400     0.471
balcony exterior     0.400     0.600     0.480
balcony interior     0.429     0.600     0.500
ball pit            0.909     1.000     0.952
ballroom            0.667     0.200     0.308
bamboo forest       0.750     0.900     0.818
banquet hall        0.455     0.500     0.476
bar                 0.231     0.300     0.261
barn                0.538     0.700     0.609
barndoor            0.778     0.700     0.737
baseball field      0.316     0.600     0.414
basement            0.500     0.500     0.500
basilica            0.800     0.400     0.533
basketball court outdoor     0.583     0.700     0.636
bathroom            0.583     0.700     0.636
batters box         1.000     1.000     1.000
bayou               0.615     0.800     0.696
bazaar indoor       0.625     0.500     0.556
bazaar outdoor      0.417     0.500     0.455
beach               0.818     0.900     0.857
beauty salon        0.615     0.800     0.696
bedroom             0.438     0.700     0.538
berth               0.500     0.800     0.615
biology laboratory     0.280     0.700     0.400
bistro indoor       0.333     0.400     0.364
boardwalk           0.667     0.600     0.632
boat deck           0.444     0.400     0.421
boathouse           0.875     0.700     0.778
bookstore           0.750     0.300     0.429
booth indoor        0.750     0.600     0.667
botanical garden     0.143     0.200     0.167
bow window indoor     0.889     0.800     0.842
bow window outdoor     0.800     0.800     0.800
bowling alley       0.900     0.900     0.900
boxing ring         0.615     0.800     0.696
brewery indoor      1.000     0.800     0.889
bridge              0.778     0.700     0.737
building facade     0.667     0.200     0.308
bullring            1.000     0.800     0.889
burial chamber      0.300     0.300     0.300
bus interior        0.556     0.500     0.526
butchers shop       0.875     0.700     0.778
butte               0.444     0.400     0.421
cabin outdoor       0.444     0.800     0.571
cafeteria           0.636     0.700     0.667
campsite            0.636     0.700     0.667
campus              0.556     0.500     0.526
canal natural       0.556     0.500     0.526
canal urban         0.667     0.200     0.308
candy store         0.667     0.400     0.500
canyon              0.700     0.700     0.700
car interior backseat     0.857     0.600     0.706
car interior frontseat     0.529     0.900     0.667
carrousel           1.000     0.900     0.947
casino indoor       0.727     0.800     0.762
castle              0.429     0.300     0.353
catacomb            0.667     0.600     0.632
cathedral indoor     0.625     0.500     0.556
cathedral outdoor     0.412     0.700     0.519
cavern indoor       0.778     0.700     0.737
cemetery            0.417     0.500     0.455
chalet              0.217     0.500     0.303
cheese factory      0.545     0.600     0.571
chemistry lab       0.000     0.000     0.000
chicken coop indoor     0.750     0.600     0.667
chicken coop outdoor     0.750     0.600     0.667
childs room         0.286     0.200     0.235
church indoor       0.455     0.500     0.476
church outdoor      0.333     0.200     0.250
classroom           0.833     0.500     0.625
clean room          0.286     0.200     0.235
cliff               0.714     0.500     0.588
cloister indoor     0.700     0.700     0.700
closet              0.833     0.500     0.625
clothing store      0.667     0.400     0.500
coast               0.500     0.500     0.500
cockpit             1.000     0.700     0.824
coffee shop         0.091     0.100     0.095
computer room       0.800     0.800     0.800
conference center     0.333     0.300     0.316
conference room     0.667     0.600     0.632
construction site     0.286     0.400     0.333
control room        0.700     0.700     0.700
control tower outdoor     0.833     0.500     0.625
corn field          0.600     0.600     0.600
corral              0.500     0.400     0.444
corridor            0.750     0.600     0.667
cottage garden      0.500     0.300     0.375
courthouse          0.500     0.200     0.286
courtroom           0.667     0.600     0.632
courtyard           0.333     0.200     0.250
covered bridge exterior     0.750     0.600     0.667
creek               0.429     0.300     0.353
crevasse            0.714     1.000     0.833
crosswalk           0.375     0.300     0.333
cubicle office      0.700     0.700     0.700
dam                 0.571     0.800     0.667
delicatessen        0.214     0.300     0.250
dentists office     0.875     0.700     0.778
desert sand         0.857     0.600     0.706
desert vegetation     0.667     0.600     0.632
diner indoor        0.500     0.200     0.286
diner outdoor       0.312     0.500     0.385
dinette home        0.556     0.500     0.526
dinette vehicle     0.750     0.300     0.429
dining car          0.600     0.600     0.600
dining room         0.500     0.400     0.444
discotheque         0.818     0.900     0.857
dock                0.800     0.800     0.800
doorway outdoor     0.875     0.700     0.778
dorm room           0.286     0.600     0.387
driveway            0.727     0.800     0.762
driving range outdoor     0.500     0.300     0.375
drugstore           0.714     0.500     0.588
electrical substation     0.909     1.000     0.952
elevator door       0.545     0.600     0.571
elevator interior     0.556     0.500     0.526
elevator shaft      0.667     0.600     0.632
engine room         0.750     0.900     0.818
escalator indoor     0.750     0.600     0.667
excavation          0.500     0.500     0.500
factory indoor      0.250     0.200     0.222
fairway             0.571     0.400     0.471
fastfood restaurant     0.143     0.200     0.167
field cultivated     0.583     0.700     0.636
field wild          0.667     0.200     0.308
fire escape         0.778     0.700     0.737
fire station        0.545     0.600     0.571
firing range indoor     0.500     0.600     0.545
fishpond            0.778     0.700     0.737
florist shop indoor     0.800     0.800     0.800
food court          0.333     0.600     0.429
forest broadleaf     0.750     0.300     0.429
forest needleleaf     0.833     0.500     0.625
forest path         0.222     0.200     0.211
forest road         0.636     0.700     0.667
formal garden       0.625     0.500     0.556
fountain            0.556     0.500     0.526
galley              0.727     0.800     0.762
game room           0.250     0.100     0.143
garage indoor       0.600     0.300     0.400
garbage dump        0.375     0.300     0.333
gas station         0.625     0.500     0.556
gazebo exterior     1.000     0.600     0.750
general store indoor     0.368     0.700     0.483
general store outdoor     0.500     0.500     0.500
gift shop           0.400     0.200     0.267
golf course         0.500     0.500     0.500
greenhouse indoor     0.778     0.700     0.737
greenhouse outdoor     0.818     0.900     0.857
gymnasium indoor     1.000     0.700     0.824
hangar indoor       0.833     0.500     0.625
hangar outdoor      0.286     0.400     0.333
harbor              0.750     0.900     0.818
hayfield            0.750     0.600     0.667
heliport            0.667     0.400     0.500
herb garden         0.308     0.400     0.348
highway             0.571     0.800     0.667
hill                0.556     0.500     0.526
home office         0.750     0.600     0.667
hospital            0.273     0.600     0.375
hospital room       0.364     0.400     0.381
hot spring          1.000     0.500     0.667
hot tub outdoor     1.000     0.900     0.947
hotel outdoor       0.600     0.300     0.400
hotel room          0.556     0.500     0.526
house               0.375     0.600     0.462
hunting lodge outdoor     0.500     0.100     0.167
ice cream parlor     0.375     0.300     0.333
ice floe            0.800     0.400     0.533
ice shelf           0.500     0.500     0.500
ice skating rink indoor     0.900     0.900     0.900
ice skating rink outdoor     0.400     0.600     0.480
iceberg             0.667     0.600     0.632
igloo               0.818     0.900     0.857
industrial area     0.600     0.600     0.600
inn outdoor         0.200     0.100     0.133
islet               0.538     0.700     0.609
jacuzzi indoor      0.636     0.700     0.667
jail cell           0.667     0.400     0.500
jail indoor         0.778     0.700     0.737
jewelry shop        0.000     0.000     0.000
kasbah              0.818     0.900     0.857
kennel indoor       0.500     0.600     0.545
kennel outdoor      1.000     0.400     0.571
kindergarden classroom     0.600     0.600     0.600
kitchen             0.300     0.300     0.300
kitchenette         0.286     0.400     0.333
labyrinth outdoor     0.900     0.900     0.900
lake natural        0.333     0.400     0.364
landfill            0.538     0.700     0.609
landing deck        0.875     0.700     0.778
laundromat          1.000     0.500     0.667
lecture room        0.300     0.300     0.300
library indoor      0.500     0.400     0.444
library outdoor     0.286     0.200     0.235
lido deck outdoor     0.750     0.900     0.818
lift bridge         0.800     0.800     0.800
lighthouse          0.833     1.000     0.909
limousine interior     0.667     0.600     0.632
living room         0.467     0.700     0.560
lobby               0.182     0.200     0.190
lock chamber        0.889     0.800     0.842
locker room         0.500     0.400     0.444
mansion             0.227     0.500     0.312
manufactured home     1.000     1.000     1.000
market indoor       0.300     0.300     0.300
market outdoor      0.400     0.400     0.400
marsh               0.357     0.500     0.417
martial arts gym     0.818     0.900     0.857
mausoleum           0.556     0.500     0.526
medina              0.400     0.400     0.400
moat water          0.273     0.300     0.286
monastery outdoor     0.182     0.200     0.190
mosque indoor       0.600     0.300     0.400
mosque outdoor      0.857     0.600     0.706
motel               0.286     0.400     0.333
mountain            0.438     0.700     0.538
mountain snowy      1.000     0.300     0.462
movie theater indoor     0.545     0.600     0.571
museum indoor       0.333     0.100     0.154
music store         1.000     0.700     0.824
music studio        0.562     0.900     0.692
nuclear power plant outdoor     0.583     0.700     0.636
nursery             0.636     0.700     0.667
oast house          1.000     0.700     0.824
observatory outdoor     0.429     0.600     0.500
ocean               0.857     0.600     0.706
office              0.429     0.300     0.353
office building     0.200     0.200     0.200
oil refinery outdoor     0.500     0.600     0.545
oilrig              1.000     0.900     0.947
operating room      0.857     0.600     0.706
orchard             0.375     0.600     0.462
outhouse outdoor     0.889     0.800     0.842
pagoda              1.000     0.800     0.889
palace              0.444     0.400     0.421
pantry              0.692     0.900     0.783
park                0.400     0.200     0.267
parking garage indoor     0.533     0.800     0.640
parking garage outdoor     0.571     0.800     0.667
parking lot         0.364     0.400     0.381
parlor              0.571     0.800     0.667
pasture             0.167     0.500     0.250
patio               0.571     0.400     0.471
pavilion            0.833     1.000     0.909
pharmacy            0.263     0.500     0.345
phone booth         0.889     0.800     0.842
physics laboratory     0.188     0.300     0.231
picnic area         0.667     0.400     0.500
pilothouse indoor     0.700     0.700     0.700
planetarium outdoor     0.778     0.700     0.737
playground          0.562     0.900     0.692
playroom            0.500     0.600     0.545
plaza               0.333     0.700     0.452
podium indoor       0.571     0.800     0.667
podium outdoor      1.000     0.700     0.824
pond                0.500     0.200     0.286
poolroom establishment     0.556     0.500     0.526
poolroom home       0.333     0.100     0.154
power plant outdoor     0.200     0.100     0.133
promenade deck      0.583     0.700     0.636
pub indoor          0.500     0.600     0.545
pulpit              0.636     0.700     0.667
putting green       0.600     0.600     0.600
racecourse          0.571     0.400     0.471
raceway             0.875     0.700     0.778
raft                0.900     0.900     0.900
railroad track      0.714     0.500     0.588
rainforest          0.333     0.500     0.400
reception           0.615     0.800     0.696
recreation room     0.261     0.600     0.364
residential neighborhood     0.556     0.500     0.526
restaurant          0.222     0.200     0.211
restaurant kitchen     0.500     0.700     0.583
restaurant patio     0.700     0.700     0.700
rice paddy          0.222     0.200     0.211
riding arena        0.692     0.900     0.783
river               0.364     0.400     0.381
rock arch           0.818     0.900     0.857
rope bridge         0.818     0.900     0.857
ruin                0.474     0.900     0.621
runway              0.625     0.500     0.556
sandbar             0.462     0.600     0.522
sandbox             1.000     0.700     0.824
sauna               0.769     1.000     0.870
schoolhouse         0.529     0.900     0.667
sea cliff           0.667     0.200     0.308
server room         0.280     0.700     0.400
shed                0.778     0.700     0.737
shoe shop           0.700     0.700     0.700
shopfront           0.636     0.700     0.667
shopping mall indoor     0.308     0.400     0.348
shower              1.000     0.600     0.750
skatepark           0.857     0.600     0.706
ski lodge           0.600     0.300     0.400
ski resort          0.818     0.900     0.857
ski slope           0.571     0.400     0.471
sky                 0.833     1.000     0.909
skyscraper          0.700     0.700     0.700
slum                1.000     0.700     0.824
snowfield           0.292     0.700     0.412
squash court        0.727     0.800     0.762
stable              0.667     0.800     0.727
stadium baseball     0.889     0.800     0.842
stadium football     0.714     1.000     0.833
stage indoor        0.250     0.200     0.222
staircase           0.750     0.600     0.667
street              1.000     0.700     0.824
subway interior     0.857     0.600     0.706
subway station platform     0.667     0.600     0.632
supermarket         0.286     0.200     0.235
sushi bar           0.778     0.700     0.737
swamp               0.714     0.500     0.588
swimming pool indoor     0.545     0.600     0.571
swimming pool outdoor     1.000     0.600     0.750
synagogue indoor     0.667     0.200     0.308
synagogue outdoor     0.444     0.400     0.421
television studio     0.625     0.500     0.556
temple east asia     0.667     0.800     0.727
temple south asia     0.600     0.300     0.400
tennis court indoor     0.750     0.900     0.818
tennis court outdoor     0.778     0.700     0.737
tent outdoor        0.889     0.800     0.842
theater indoor procenium     0.444     0.400     0.421
theater indoor seats     0.500     0.300     0.375
thriftshop          0.286     0.200     0.235
throne room         0.800     0.400     0.533
ticket booth        0.571     0.400     0.471
toll plaza          0.667     0.400     0.500
topiary garden      0.778     0.700     0.737
tower               0.385     0.500     0.435
toyshop             0.571     0.400     0.471
track outdoor       0.875     0.700     0.778
train railway       0.615     0.800     0.696
train station platform     0.909     1.000     0.952
tree farm           0.417     0.500     0.455
tree house          0.778     0.700     0.737
trench              0.455     0.500     0.476
underwater coral reef     1.000     1.000     1.000
utility room        0.778     0.700     0.737
valley              0.500     0.200     0.286
van interior        0.500     0.300     0.375
vegetable garden     0.600     0.600     0.600
veranda             0.333     0.300     0.316
veterinarians office     0.750     0.900     0.818
viaduct             0.818     0.900     0.857
videostore          0.800     0.800     0.800
village             0.778     0.700     0.737
vineyard            0.444     0.400     0.421
volcano             1.000     0.600     0.750
volleyball court indoor     0.778     0.700     0.737
volleyball court outdoor     0.600     0.300     0.400
waiting room        0.400     0.600     0.480
warehouse indoor     0.600     0.600     0.600
water tower         0.667     0.800     0.727
waterfall block     1.000     0.500     0.667
waterfall fan       0.545     0.600     0.571
waterfall plunge     0.667     1.000     0.800
watering hole       1.000     0.600     0.750
wave                0.500     1.000     0.667
wet bar             0.500     0.300     0.375
wheat field         0.714     0.500     0.588
wind farm           0.778     0.700     0.737
windmill            0.727     0.800     0.762
wine cellar barrel storage     1.000     0.800     0.889
wine cellar bottle storage     0.533     0.800     0.640
wrestling ring indoor     0.636     0.700     0.667
yard                0.211     0.400     0.276
youth hostel        0.636     0.700     0.667

=== Overall ===
Accuracy       0.572
Precision (macro)   0.603
Recall (macro)      0.572
F1 (macro)          0.570

Saved results to ../../results/cgcbat_v7_sun397.json
